// Jest Snapshot v1, https://goo.gl/fbAQLP

exports[`should do 1`] = `
"Snapshot Diff:
- First value
+ Second value

@@ -1,127 +1,164 @@
  Object {
-   \\"dailyAllowanceRecordList\\": Array [],
-   \\"dailyObjectiveEventLogRecordList\\": Array [
+   \\"attention\\": Object {
+     \\"ineffectiveWorkingTime\\": 0,
+     \\"insufficientRestTime\\": 0,
+   },
+   \\"dailyAllowanceRecords\\": Array [],
+   \\"dailyObjectiveEventLogRecords\\": Array [
+     Object {
+       \\"deviatedEnteringTimeReason\\": Object {
+         \\"label\\": \\"deviatedEnteringTimeReasonSelectedLabel\\",
+         \\"text\\": \\"Deviated Entering Time Reason\\",
+         \\"value\\": \\"deviatedEnteringTimeReasonSelectedValue\\",
+       },
+       \\"deviatedLeavingTimeReason\\": Object {
+         \\"label\\": \\"deviatedLeavingTimeReasonSelectedLabel\\",
+         \\"text\\": \\"Deviated Leaving Time Reason\\",
+         \\"value\\": \\"deviatedLeavingTimeReasonSelectedValue\\",
+       },
+       \\"deviationReasonExtendedItemId\\": \\"deviationReasonExtendedItemId\\",
+       \\"id\\": \\"dailyObjectivelyEventLogId\\",
+       \\"inpEndTime\\": 1075,
+       \\"inpStartTime\\": 415,
+       \\"logs\\": Array [
          Object {
-       \\"attRecord\\": Object {
-         \\"attSummary\\": Object {
-           \\"id\\": \\"attSummaryId\\",
-           \\"workingType\\": Object {
-             \\"allowingDeviationTime1\\": null,
-             \\"allowingDeviationTime2\\": 5,
-             \\"allowingDeviationTime3\\": 60,
-             \\"objectivelyEventLogSetting1\\": Object {
+           \\"allowingDeviationTime\\": null,
+           \\"entering\\": Object {
+             \\"deviatedTime\\": 5,
+             \\"eventLogUpdatedBy\\": \\"Entering event log updated1 by\\",
+             \\"eventType\\": \\"Entering\\",
+             \\"id\\": \\"enteringEventLogId1\\",
+             \\"linked\\": \\"\\",
+             \\"time\\": 480,
+           },
+           \\"leaving\\": Object {
+             \\"deviatedTime\\": 6,
+             \\"eventLogUpdatedBy\\": \\"Leaving event log updated1 by\\",
+             \\"eventType\\": \\"Leaving\\",
+             \\"id\\": \\"leavingEventLogId1\\",
+             \\"linked\\": \\"\\",
+             \\"time\\": 1020,
+           },
+           \\"requireDeviationReason\\": false,
+           \\"setting\\": Object {
              \\"code\\": \\"CODE_NAME_1\\",
              \\"id\\": \\"setting1\\",
              \\"name\\": \\"name1\\",
+           },
          },
-             \\"objectivelyEventLogSetting2\\": Object {
+         Object {
+           \\"allowingDeviationTime\\": 5,
+           \\"entering\\": Object {
+             \\"deviatedTime\\": 10,
+             \\"eventLogUpdatedBy\\": \\"Entering event log updated2 by\\",
+             \\"eventType\\": \\"Entering\\",
+             \\"id\\": \\"enteringEventLogId2\\",
+             \\"linked\\": \\"\\",
+             \\"time\\": 470,
+           },
+           \\"leaving\\": Object {
+             \\"deviatedTime\\": 9,
+             \\"eventLogUpdatedBy\\": \\"Leaving event log updated2 by\\",
+             \\"eventType\\": \\"Leaving\\",
+             \\"id\\": \\"leavingEventLogId2\\",
+             \\"linked\\": \\"\\",
+             \\"time\\": 1011,
+           },
+           \\"requireDeviationReason\\": false,
+           \\"setting\\": Object {
              \\"code\\": \\"CODE_NAME_2\\",
              \\"id\\": \\"setting2\\",
              \\"name\\": \\"name2\\",
+           },
          },
-             \\"objectivelyEventLogSetting3\\": Object {
+         Object {
+           \\"allowingDeviationTime\\": 60,
+           \\"entering\\": Object {
+             \\"deviatedTime\\": 1,
+             \\"eventLogUpdatedBy\\": \\"Entering event log updated3 by\\",
+             \\"eventType\\": \\"Entering\\",
+             \\"id\\": \\"enteringEventLogId3\\",
+             \\"linked\\": \\"\\",
+             \\"time\\": 481,
+           },
+           \\"leaving\\": Object {
+             \\"deviatedTime\\": 3,
+             \\"eventLogUpdatedBy\\": \\"Leaving event log updated3 by\\",
+             \\"eventType\\": \\"Leaving\\",
+             \\"id\\": \\"leavingEventLogId3\\",
+             \\"linked\\": \\"\\",
+             \\"time\\": 1023,
+           },
+           \\"requireDeviationReason\\": true,
+           \\"setting\\": Object {
              \\"code\\": \\"CODE_NAME_3\\",
              \\"id\\": \\"setting3\\",
              \\"name\\": \\"name3\\",
-             },
-             \\"requireDeviationReason1\\": false,
-             \\"requireDeviationReason2\\": false,
-             \\"requireDeviationReason3\\": true,
            },
          },
-         \\"id\\": \\"recordId\\",
-         \\"inpEndTime\\": 1075,
-         \\"inpStartTime\\": 415,
+       ],
        \\"recordDate\\": \\"2020-01-01\\",
+       \\"recordId\\": \\"recordId\\",
      },
-       \\"deviatedEnteringTime1\\": 5,
-       \\"deviatedEnteringTime2\\": 10,
-       \\"deviatedEnteringTime3\\": 1,
-       \\"deviatedEnteringTimeReason\\": \\"Deviated Entering Time Reason\\",
-       \\"deviatedEnteringTimeReasonSelectedLabel\\": \\"deviatedEnteringTimeReasonSelectedLabel\\",
-       \\"deviatedEnteringTimeReasonSelectedValue\\": \\"deviatedEnteringTimeReasonSelectedValue\\",
-       \\"deviatedLeavingTime1\\": 6,
-       \\"deviatedLeavingTime2\\": 9,
-       \\"deviatedLeavingTime3\\": 3,
-       \\"deviatedLeavingTimeReason\\": \\"Deviated Leaving Time Reason\\",
-       \\"deviatedLeavingTimeReasonSelectedLabel\\": \\"deviatedLeavingTimeReasonSelectedLabel\\",
-       \\"deviatedLeavingTimeReasonSelectedValue\\": \\"deviatedLeavingTimeReasonSelectedValue\\",
-       \\"deviationReasonExtendedItemId\\": \\"deviationReasonExtendedItemId\\",
-       \\"enteringEventLogId1\\": \\"enteringEventLogId1\\",
-       \\"enteringEventLogId2\\": \\"enteringEventLogId2\\",
-       \\"enteringEventLogId3\\": \\"enteringEventLogId3\\",
-       \\"enteringEventLogUpdated1By\\": \\"Entering event log updated1 by\\",
-       \\"enteringEventLogUpdated2By\\": \\"Entering event log updated2 by\\",
-       \\"enteringEventLogUpdated3By\\": \\"Entering event log updated3 by\\",
-       \\"enteringTime1\\": 480,
-       \\"enteringTime2\\": 470,
-       \\"enteringTime3\\": 481,
-       \\"id\\": \\"dailyObjectivelyEventLogId\\",
-       \\"leavingEventLogId1\\": \\"leavingEventLogId1\\",
-       \\"leavingEventLogId2\\": \\"leavingEventLogId2\\",
-       \\"leavingEventLogId3\\": \\"leavingEventLogId3\\",
-       \\"leavingEventLogUpdated1By\\": \\"Leaving event log updated1 by\\",
-       \\"leavingEventLogUpdated2By\\": \\"Leaving event log updated2 by\\",
-       \\"leavingEventLogUpdated3By\\": \\"Leaving event log updated3 by\\",
-       \\"leavingTime1\\": 1020,
-       \\"leavingTime2\\": 1011,
-       \\"leavingTime3\\": 1023,
-     },
    ],
-   \\"dailyRestRecordList\\": Array [],
+   \\"dailyRestRecords\\": Array [],
    \\"displayFieldLayout\\": null,
    \\"dividedSummaries\\": Array [
      Object {
+       \\"endDate\\": \\"2020-01-15\\",
        \\"name\\": \\"summary 1\\",
+       \\"startDate\\": \\"2020-01-01\\",
        \\"summaries\\": Array [
          Object {
            \\"items\\": Array [
              Object {
-               \\"items\\": Array [],
+               \\"daysAndHours\\": undefined,
                \\"name\\": \\"ContractualWorkDays\\",
+               \\"unit\\": undefined,
                \\"value\\": \\"string\\",
              },
              Object {
-               \\"items\\": Array [],
+               \\"daysAndHours\\": undefined,
                \\"name\\": \\"RealWorkDays\\",
+               \\"unit\\": undefined,
                \\"value\\": 101,
              },
              Object {
-               \\"items\\": Array [],
+               \\"daysAndHours\\": undefined,
                \\"name\\": \\"CommuteCount\\",
+               \\"unit\\": undefined,
                \\"value\\": null,
              },
              Object {
-               \\"items\\": Array [],
+               \\"daysAndHours\\": undefined,
                \\"name\\": \\"LegalHolidayWorkCount\\",
                \\"unit\\": \\"daysAndHours\\",
                \\"value\\": 101,
              },
              Object {
                \\"daysAndHours\\": Object {
                  \\"days\\": 1,
                  \\"hours\\": 2,
                  \\"unit\\": \\"unit\\",
                },
-               \\"items\\": Array [],
                \\"name\\": \\"HolidayWorkCount\\",
                \\"unit\\": \\"daysAndHours\\",
                \\"value\\": null,
              },
            ],
            \\"name\\": \\"AbsenceSummary\\",
          },
          Object {
            \\"items\\": Array [
              Object {
+               \\"closingDate\\": \\"2020-01-04\\",
                \\"daysAndHours\\": Object {
                  \\"days\\": 1,
                  \\"hours\\": 2,
                  \\"unit\\": \\"unit\\",
                },
-               \\"items\\": Array [],
                \\"name\\": \\"AnnualPaidLeaveDays\\",
                \\"unit\\": \\"count\\",
                \\"value\\": 201,
              },
            ],
@@ -162,62 +199,64 @@
              },
            ],
            \\"name\\": \\"AnnualPaidLeaveLeftSummary\\",
          },
        ],
-       \\"summaryEndDate\\": \\"2020-01-15\\",
-       \\"summaryStartDate\\": \\"2020-01-01\\",
      },
      Object {
+       \\"endDate\\": \\"2020-01-31\\",
        \\"name\\": \\"summary 2\\",
+       \\"startDate\\": \\"2020-01-16\\",
        \\"summaries\\": Array [
          Object {
            \\"items\\": Array [
              Object {
-               \\"items\\": Array [],
+               \\"daysAndHours\\": undefined,
                \\"name\\": \\"ContractualWorkDays\\",
+               \\"unit\\": undefined,
                \\"value\\": \\"string\\",
              },
              Object {
-               \\"items\\": Array [],
+               \\"daysAndHours\\": undefined,
                \\"name\\": \\"RealWorkDays\\",
+               \\"unit\\": undefined,
                \\"value\\": 101,
              },
              Object {
-               \\"items\\": Array [],
+               \\"daysAndHours\\": undefined,
                \\"name\\": \\"CommuteCount\\",
+               \\"unit\\": undefined,
                \\"value\\": null,
              },
              Object {
-               \\"items\\": Array [],
+               \\"daysAndHours\\": undefined,
                \\"name\\": \\"LegalHolidayWorkCount\\",
                \\"unit\\": \\"daysAndHours\\",
                \\"value\\": 101,
              },
              Object {
                \\"daysAndHours\\": Object {
                  \\"days\\": 1,
                  \\"hours\\": 2,
                  \\"unit\\": \\"unit\\",
                },
-               \\"items\\": Array [],
                \\"name\\": \\"HolidayWorkCount\\",
                \\"unit\\": \\"daysAndHours\\",
                \\"value\\": null,
              },
            ],
            \\"name\\": \\"AbsenceSummary\\",
          },
          Object {
            \\"items\\": Array [
              Object {
+               \\"closingDate\\": \\"2020-01-04\\",
                \\"daysAndHours\\": Object {
                  \\"days\\": 1,
                  \\"hours\\": 2,
                  \\"unit\\": \\"unit\\",
                },
-               \\"items\\": Array [],
                \\"name\\": \\"AnnualPaidLeaveDays\\",
                \\"unit\\": \\"count\\",
                \\"value\\": 201,
              },
            ],
@@ -258,34 +297,48 @@
              },
            ],
            \\"name\\": \\"AnnualPaidLeaveLeftSummary\\",
          },
        ],
-       \\"summaryEndDate\\": \\"2020-01-31\\",
-       \\"summaryStartDate\\": \\"2020-01-16\\",
      },
    ],
-   \\"employeeCode\\": \\"Employee Code\\",
-   \\"employeeInfoList\\": Array [
+   \\"endDate\\": \\"2020-01-31\\",
+   \\"ownerInfos\\": Array [
      Object {
-       \\"departmentName\\": \\"Department Name\\",
+       \\"department\\": Object {
+         \\"name\\": \\"Department Name\\",
+       },
+       \\"employee\\": Object {
+         \\"code\\": \\"Employee Code\\",
+         \\"name\\": \\"Employee Name\\",
+       },
        \\"endDate\\": \\"2020-01-31\\",
        \\"startDate\\": \\"2020-01-01\\",
-       \\"workingTypeName\\": \\"WorkingType Name\\",
+       \\"workingType\\": Object {
+         \\"name\\": \\"WorkingType Name\\",
+       },
      },
    ],
-   \\"employeeName\\": \\"Employee Name\\",
-   \\"endDate\\": \\"2020-01-31\\",
+   \\"recordTotal\\": Object {
+     \\"holidayWorkTime\\": 0,
+     \\"lostTime\\": 30,
+     \\"nightTime\\": 180,
+     \\"overTime\\": 180,
+     \\"realWorkTime\\": 2700,
+     \\"restTime\\": 180,
+     \\"virtualWorkTime\\": 1440,
+   },
    \\"records\\": Array [
      Object {
        \\"allowanceDailyRecordCount\\": null,
-       \\"commuteCountBackward\\": 1,
-       \\"commuteCountForward\\": 1,
+       \\"attentions\\": Array [],
+       \\"commuteState\\": \\"BothWays\\",
        \\"dailyObjectiveEventLog\\": null,
        \\"dayType\\": \\"Workday\\",
        \\"endStampTime\\": 1385,
        \\"endTime\\": 1380,
+       \\"endTimeModified\\": true,
        \\"event\\": \\"Event\\",
        \\"holidayWorkTime\\": null,
        \\"insufficientRestTime\\": null,
        \\"isHolLegalHoliday\\": false,
        \\"lostTime\\": 10,
@@ -299,20 +352,22 @@
        \\"remarks\\": \\"remarks\\",
        \\"restTime\\": 60,
        \\"shift\\": \\"Shift\\",
        \\"startStampTime\\": 410,
        \\"startTime\\": 420,
+       \\"startTimeModified\\": true,
        \\"virtualWorkTime\\": 480,
      },
      Object {
        \\"allowanceDailyRecordCount\\": null,
-       \\"commuteCountBackward\\": null,
-       \\"commuteCountForward\\": null,
+       \\"attentions\\": Array [],
+       \\"commuteState\\": \\"Unentered\\",
        \\"dailyObjectiveEventLog\\": null,
        \\"dayType\\": \\"Holiday\\",
        \\"endStampTime\\": 1385,
        \\"endTime\\": 1380,
+       \\"endTimeModified\\": true,
        \\"event\\": \\"Event\\",
        \\"holidayWorkTime\\": null,
        \\"insufficientRestTime\\": null,
        \\"isHolLegalHoliday\\": false,
        \\"lostTime\\": 10,
@@ -326,20 +381,22 @@
        \\"remarks\\": \\"remarks\\",
        \\"restTime\\": 60,
        \\"shift\\": \\"Shift\\",
        \\"startStampTime\\": 410,
        \\"startTime\\": 420,
+       \\"startTimeModified\\": true,
        \\"virtualWorkTime\\": 480,
      },
      Object {
        \\"allowanceDailyRecordCount\\": null,
-       \\"commuteCountBackward\\": null,
-       \\"commuteCountForward\\": null,
+       \\"attentions\\": Array [],
+       \\"commuteState\\": \\"Unentered\\",
        \\"dailyObjectiveEventLog\\": null,
        \\"dayType\\": \\"LegalHoliday\\",
        \\"endStampTime\\": 1385,
        \\"endTime\\": 1380,
+       \\"endTimeModified\\": true,
        \\"event\\": \\"Event\\",
        \\"holidayWorkTime\\": null,
        \\"insufficientRestTime\\": null,
        \\"isHolLegalHoliday\\": false,
        \\"lostTime\\": 10,
@@ -353,61 +410,64 @@
        \\"remarks\\": \\"remarks\\",
        \\"restTime\\": 60,
        \\"shift\\": \\"Shift\\",
        \\"startStampTime\\": 410,
        \\"startTime\\": 420,
+       \\"startTimeModified\\": true,
        \\"virtualWorkTime\\": 480,
      },
    ],
    \\"startDate\\": \\"2020-01-01\\",
    \\"summaries\\": Array [
      Object {
        \\"items\\": Array [
          Object {
-           \\"items\\": Array [],
+           \\"daysAndHours\\": undefined,
            \\"name\\": \\"ContractualWorkDays\\",
+           \\"unit\\": undefined,
            \\"value\\": \\"string\\",
          },
          Object {
-           \\"items\\": Array [],
+           \\"daysAndHours\\": undefined,
            \\"name\\": \\"RealWorkDays\\",
+           \\"unit\\": undefined,
            \\"value\\": 101,
          },
          Object {
-           \\"items\\": Array [],
+           \\"daysAndHours\\": undefined,
            \\"name\\": \\"CommuteCount\\",
+           \\"unit\\": undefined,
            \\"value\\": null,
          },
          Object {
-           \\"items\\": Array [],
+           \\"daysAndHours\\": undefined,
            \\"name\\": \\"LegalHolidayWorkCount\\",
            \\"unit\\": \\"daysAndHours\\",
            \\"value\\": 101,
          },
          Object {
            \\"daysAndHours\\": Object {
              \\"days\\": 1,
              \\"hours\\": 2,
              \\"unit\\": \\"unit\\",
            },
-           \\"items\\": Array [],
            \\"name\\": \\"HolidayWorkCount\\",
            \\"unit\\": \\"daysAndHours\\",
            \\"value\\": null,
          },
        ],
        \\"name\\": \\"AbsenceSummary\\",
      },
      Object {
        \\"items\\": Array [
          Object {
+           \\"closingDate\\": \\"2020-01-04\\",
            \\"daysAndHours\\": Object {
              \\"days\\": 1,
              \\"hours\\": 2,
              \\"unit\\": \\"unit\\",
            },
-           \\"items\\": Array [],
            \\"name\\": \\"AnnualPaidLeaveDays\\",
            \\"unit\\": \\"count\\",
            \\"value\\": 201,
          },
        ],
@@ -448,7 +508,12 @@
          },
        ],
        \\"name\\": \\"AnnualPaidLeaveLeftSummary\\",
      },
    ],
+   \\"workingType\\": Object {
+     \\"useAllowanceManagement\\": false,
+     \\"useManageCommuteCount\\": true,
+     \\"useObjectivelyEventLog\\": false,
      \\"useRestReason\\": false,
+   },
  }"
`;
