// Jest Snapshot v1, https://goo.gl/fbAQLP

exports[`reducer() TIMESHEET-PC/ENTITIES/TIMESHEET/CLEAR_REQUEST_TYPE_CODES should reset all timesheet.records[].requestTypeCodes 1`] = `
"Snapshot Diff:
- First value
+ Second value

@@ -356,14 +356,11 @@
        \\"personalReasonEarlyLeaveEndTime\\": undefined,
        \\"recordDate\\": \\"2017-07-01\\",
        \\"remarks\\": undefined,
        \\"requestDayType\\": undefined,
        \\"requestIds\\": Array [],
-       \\"requestTypeCodes\\": Array [
-         \\"Leave\\",
-         \\"HolidayWork\\",
-       ],
+       \\"requestTypeCodes\\": null,
        \\"restHours\\": undefined,
        \\"startStampTime\\": 599,
        \\"startTime\\": 600,
        \\"useManageEarlyLeavePersonalReason\\": undefined,
        \\"useManageLateArrivalPersonalReason\\": undefined,
@@ -452,14 +449,11 @@
        \\"personalReasonEarlyLeaveEndTime\\": undefined,
        \\"recordDate\\": \\"2017-07-02\\",
        \\"remarks\\": undefined,
        \\"requestDayType\\": undefined,
        \\"requestIds\\": Array [],
-       \\"requestTypeCodes\\": Array [
-         \\"Leave\\",
-         \\"HolidayWork\\",
-       ],
+       \\"requestTypeCodes\\": null,
        \\"restHours\\": undefined,
        \\"startStampTime\\": 599,
        \\"startTime\\": 600,
        \\"useManageEarlyLeavePersonalReason\\": undefined,
        \\"useManageLateArrivalPersonalReason\\": undefined,
@@ -551,11 +545,11 @@
        \\"requestDayType\\": undefined,
        \\"requestIds\\": Array [
          \\"a077F000000UyG2QAK\\",
          \\"a077F000000UyG2QAN\\",
        ],
-       \\"requestTypeCodes\\": Array [],
+       \\"requestTypeCodes\\": null,
        \\"restHours\\": undefined,
        \\"startStampTime\\": 599,
        \\"startTime\\": 600,
        \\"useManageEarlyLeavePersonalReason\\": undefined,
        \\"useManageLateArrivalPersonalReason\\": undefined,
@@ -647,11 +641,11 @@
        \\"requestDayType\\": undefined,
        \\"requestIds\\": Array [
          \\"a077F000000UyG2QAN\\",
          \\"a077F000000V3wpQAC\\",
        ],
-       \\"requestTypeCodes\\": Array [],
+       \\"requestTypeCodes\\": null,
        \\"restHours\\": undefined,
        \\"startStampTime\\": 599,
        \\"startTime\\": 600,
        \\"useManageEarlyLeavePersonalReason\\": undefined,
        \\"useManageLateArrivalPersonalReason\\": undefined,
@@ -743,11 +737,11 @@
        \\"requestDayType\\": undefined,
        \\"requestIds\\": Array [
          \\"a077F000000UyG2QAK\\",
          \\"a077F000000V3wpQAC\\",
        ],
-       \\"requestTypeCodes\\": Array [],
+       \\"requestTypeCodes\\": null,
        \\"restHours\\": undefined,
        \\"startStampTime\\": 599,
        \\"startTime\\": 600,
        \\"useManageEarlyLeavePersonalReason\\": undefined,
        \\"useManageLateArrivalPersonalReason\\": undefined,
@@ -840,11 +834,11 @@
        \\"requestIds\\": Array [
          \\"a077F000000UyG2QAK\\",
          \\"a077F000000UyG2QAN\\",
          \\"a077F000000V3wpQAC\\",
        ],
-       \\"requestTypeCodes\\": Array [],
+       \\"requestTypeCodes\\": null,
        \\"restHours\\": undefined,
        \\"startStampTime\\": 599,
        \\"startTime\\": 600,
        \\"useManageEarlyLeavePersonalReason\\": undefined,
        \\"useManageLateArrivalPersonalReason\\": undefined,
@@ -933,11 +927,11 @@
        \\"personalReasonEarlyLeaveEndTime\\": undefined,
        \\"recordDate\\": \\"2017-07-07\\",
        \\"remarks\\": undefined,
        \\"requestDayType\\": undefined,
        \\"requestIds\\": Array [],
-       \\"requestTypeCodes\\": Array [],
+       \\"requestTypeCodes\\": null,
        \\"restHours\\": undefined,
        \\"startStampTime\\": 599,
        \\"startTime\\": 600,
        \\"useManageEarlyLeavePersonalReason\\": undefined,
        \\"useManageLateArrivalPersonalReason\\": undefined,
@@ -1026,14 +1020,11 @@
        \\"personalReasonEarlyLeaveEndTime\\": undefined,
        \\"recordDate\\": \\"2017-07-08\\",
        \\"remarks\\": undefined,
        \\"requestDayType\\": undefined,
        \\"requestIds\\": Array [],
-       \\"requestTypeCodes\\": Array [
-         \\"Leave\\",
-         \\"HolidayWork\\",
-       ],
+       \\"requestTypeCodes\\": null,
        \\"restHours\\": undefined,
        \\"startStampTime\\": 599,
        \\"startTime\\": 600,
        \\"useManageEarlyLeavePersonalReason\\": undefined,
        \\"useManageLateArrivalPersonalReason\\": undefined,
@@ -1122,14 +1113,11 @@
        \\"personalReasonEarlyLeaveEndTime\\": undefined,
        \\"recordDate\\": \\"2017-07-09\\",
        \\"remarks\\": undefined,
        \\"requestDayType\\": undefined,
        \\"requestIds\\": Array [],
-       \\"requestTypeCodes\\": Array [
-         \\"Leave\\",
-         \\"HolidayWork\\",
-       ],
+       \\"requestTypeCodes\\": null,
        \\"restHours\\": undefined,
        \\"startStampTime\\": 599,
        \\"startTime\\": 600,
        \\"useManageEarlyLeavePersonalReason\\": undefined,
        \\"useManageLateArrivalPersonalReason\\": undefined,
@@ -1221,11 +1209,11 @@
        \\"requestDayType\\": undefined,
        \\"requestIds\\": Array [
          \\"a077F000000UyG2QAK\\",
          \\"a077F000000UyG2QAN\\",
        ],
-       \\"requestTypeCodes\\": Array [],
+       \\"requestTypeCodes\\": null,
        \\"restHours\\": undefined,
        \\"startStampTime\\": 599,
        \\"startTime\\": 600,
        \\"useManageEarlyLeavePersonalReason\\": undefined,
        \\"useManageLateArrivalPersonalReason\\": undefined,
@@ -1317,11 +1305,11 @@
        \\"requestDayType\\": undefined,
        \\"requestIds\\": Array [
          \\"a077F000000UyG2QAN\\",
          \\"a077F000000V3wpQAC\\",
        ],
-       \\"requestTypeCodes\\": Array [],
+       \\"requestTypeCodes\\": null,
        \\"restHours\\": undefined,
        \\"startStampTime\\": 599,
        \\"startTime\\": 600,
        \\"useManageEarlyLeavePersonalReason\\": undefined,
        \\"useManageLateArrivalPersonalReason\\": undefined,
@@ -1413,11 +1401,11 @@
        \\"requestDayType\\": undefined,
        \\"requestIds\\": Array [
          \\"a077F000000UyG2QAK\\",
          \\"a077F000000V3wpQAC\\",
        ],
-       \\"requestTypeCodes\\": Array [],
+       \\"requestTypeCodes\\": null,
        \\"restHours\\": undefined,
        \\"startStampTime\\": 599,
        \\"startTime\\": 600,
        \\"useManageEarlyLeavePersonalReason\\": undefined,
        \\"useManageLateArrivalPersonalReason\\": undefined,
@@ -1510,11 +1498,11 @@
        \\"requestIds\\": Array [
          \\"a077F000000UyG2QAK\\",
          \\"a077F000000UyG2QAN\\",
          \\"a077F000000V3wpQAC\\",
        ],
-       \\"requestTypeCodes\\": Array [],
+       \\"requestTypeCodes\\": null,
        \\"restHours\\": undefined,
        \\"startStampTime\\": 599,
        \\"startTime\\": 600,
        \\"useManageEarlyLeavePersonalReason\\": undefined,
        \\"useManageLateArrivalPersonalReason\\": undefined,
@@ -1603,11 +1591,11 @@
        \\"personalReasonEarlyLeaveEndTime\\": undefined,
        \\"recordDate\\": \\"2017-07-14\\",
        \\"remarks\\": undefined,
        \\"requestDayType\\": undefined,
        \\"requestIds\\": Array [],
-       \\"requestTypeCodes\\": Array [],
+       \\"requestTypeCodes\\": null,
        \\"restHours\\": undefined,
        \\"startStampTime\\": 599,
        \\"startTime\\": 600,
        \\"useManageEarlyLeavePersonalReason\\": undefined,
        \\"useManageLateArrivalPersonalReason\\": undefined,
@@ -1696,14 +1684,11 @@
        \\"personalReasonEarlyLeaveEndTime\\": undefined,
        \\"recordDate\\": \\"2017-07-15\\",
        \\"remarks\\": undefined,
        \\"requestDayType\\": undefined,
        \\"requestIds\\": Array [],
-       \\"requestTypeCodes\\": Array [
-         \\"Leave\\",
-         \\"HolidayWork\\",
-       ],
+       \\"requestTypeCodes\\": null,
        \\"restHours\\": undefined,
        \\"startStampTime\\": 599,
        \\"startTime\\": 600,
        \\"useManageEarlyLeavePersonalReason\\": undefined,
        \\"useManageLateArrivalPersonalReason\\": undefined,
@@ -1792,14 +1777,11 @@
        \\"personalReasonEarlyLeaveEndTime\\": undefined,
        \\"recordDate\\": \\"2017-07-16\\",
        \\"remarks\\": undefined,
        \\"requestDayType\\": undefined,
        \\"requestIds\\": Array [],
-       \\"requestTypeCodes\\": Array [
-         \\"Leave\\",
-         \\"HolidayWork\\",
-       ],
+       \\"requestTypeCodes\\": null,
        \\"restHours\\": undefined,
        \\"startStampTime\\": 599,
        \\"startTime\\": 600,
        \\"useManageEarlyLeavePersonalReason\\": undefined,
        \\"useManageLateArrivalPersonalReason\\": undefined,
@@ -1891,11 +1873,11 @@
        \\"requestDayType\\": undefined,
        \\"requestIds\\": Array [
          \\"a077F000000UyG2QAK\\",
          \\"a077F000000UyG2QAN\\",
        ],
-       \\"requestTypeCodes\\": Array [],
+       \\"requestTypeCodes\\": null,
        \\"restHours\\": undefined,
        \\"startStampTime\\": 599,
        \\"startTime\\": 600,
        \\"useManageEarlyLeavePersonalReason\\": undefined,
        \\"useManageLateArrivalPersonalReason\\": undefined,
@@ -1987,11 +1969,11 @@
        \\"requestDayType\\": undefined,
        \\"requestIds\\": Array [
          \\"a077F000000UyG2QAN\\",
          \\"a077F000000V3wpQAC\\",
        ],
-       \\"requestTypeCodes\\": Array [],
+       \\"requestTypeCodes\\": null,
        \\"restHours\\": undefined,
        \\"startStampTime\\": 599,
        \\"startTime\\": 600,
        \\"useManageEarlyLeavePersonalReason\\": undefined,
        \\"useManageLateArrivalPersonalReason\\": undefined,
@@ -2083,11 +2065,11 @@
        \\"requestDayType\\": undefined,
        \\"requestIds\\": Array [
          \\"a077F000000UyG2QAK\\",
          \\"a077F000000V3wpQAC\\",
        ],
-       \\"requestTypeCodes\\": Array [],
+       \\"requestTypeCodes\\": null,
        \\"restHours\\": undefined,
        \\"startStampTime\\": 599,
        \\"startTime\\": 600,
        \\"useManageEarlyLeavePersonalReason\\": undefined,
        \\"useManageLateArrivalPersonalReason\\": undefined,
@@ -2180,11 +2162,11 @@
        \\"requestIds\\": Array [
          \\"a077F000000UyG2QAK\\",
          \\"a077F000000UyG2QAN\\",
          \\"a077F000000V3wpQAC\\",
        ],
-       \\"requestTypeCodes\\": Array [],
+       \\"requestTypeCodes\\": null,
        \\"restHours\\": undefined,
        \\"startStampTime\\": 599,
        \\"startTime\\": 600,
        \\"useManageEarlyLeavePersonalReason\\": undefined,
        \\"useManageLateArrivalPersonalReason\\": undefined,
@@ -2273,11 +2255,11 @@
        \\"personalReasonEarlyLeaveEndTime\\": undefined,
        \\"recordDate\\": \\"2017-07-21\\",
        \\"remarks\\": undefined,
        \\"requestDayType\\": undefined,
        \\"requestIds\\": Array [],
-       \\"requestTypeCodes\\": Array [],
+       \\"requestTypeCodes\\": null,
        \\"restHours\\": undefined,
        \\"startStampTime\\": 599,
        \\"startTime\\": 600,
        \\"useManageEarlyLeavePersonalReason\\": undefined,
        \\"useManageLateArrivalPersonalReason\\": undefined,
@@ -2366,14 +2348,11 @@
        \\"personalReasonEarlyLeaveEndTime\\": undefined,
        \\"recordDate\\": \\"2017-07-22\\",
        \\"remarks\\": undefined,
        \\"requestDayType\\": undefined,
        \\"requestIds\\": Array [],
-       \\"requestTypeCodes\\": Array [
-         \\"Leave\\",
-         \\"HolidayWork\\",
-       ],
+       \\"requestTypeCodes\\": null,
        \\"restHours\\": undefined,
        \\"startStampTime\\": 599,
        \\"startTime\\": 600,
        \\"useManageEarlyLeavePersonalReason\\": undefined,
        \\"useManageLateArrivalPersonalReason\\": undefined,
@@ -2462,14 +2441,11 @@
        \\"personalReasonEarlyLeaveEndTime\\": undefined,
        \\"recordDate\\": \\"2017-07-23\\",
        \\"remarks\\": undefined,
        \\"requestDayType\\": undefined,
        \\"requestIds\\": Array [],
-       \\"requestTypeCodes\\": Array [
-         \\"Leave\\",
-         \\"HolidayWork\\",
-       ],
+       \\"requestTypeCodes\\": null,
        \\"restHours\\": undefined,
        \\"startStampTime\\": 599,
        \\"startTime\\": 600,
        \\"useManageEarlyLeavePersonalReason\\": undefined,
        \\"useManageLateArrivalPersonalReason\\": undefined,
@@ -2561,11 +2537,11 @@
        \\"requestDayType\\": undefined,
        \\"requestIds\\": Array [
          \\"a077F000000UyG2QAK\\",
          \\"a077F000000UyG2QAN\\",
        ],
-       \\"requestTypeCodes\\": Array [],
+       \\"requestTypeCodes\\": null,
        \\"restHours\\": undefined,
        \\"startStampTime\\": 599,
        \\"startTime\\": 600,
        \\"useManageEarlyLeavePersonalReason\\": undefined,
        \\"useManageLateArrivalPersonalReason\\": undefined,
@@ -2657,11 +2633,11 @@
        \\"requestDayType\\": undefined,
        \\"requestIds\\": Array [
          \\"a077F000000UyG2QAN\\",
          \\"a077F000000V3wpQAC\\",
        ],
-       \\"requestTypeCodes\\": Array [],
+       \\"requestTypeCodes\\": null,
        \\"restHours\\": undefined,
        \\"startStampTime\\": 599,
        \\"startTime\\": 600,
        \\"useManageEarlyLeavePersonalReason\\": undefined,
        \\"useManageLateArrivalPersonalReason\\": undefined,
@@ -2753,11 +2729,11 @@
        \\"requestDayType\\": undefined,
        \\"requestIds\\": Array [
          \\"a077F000000UyG2QAK\\",
          \\"a077F000000V3wpQAC\\",
        ],
-       \\"requestTypeCodes\\": Array [],
+       \\"requestTypeCodes\\": null,
        \\"restHours\\": undefined,
        \\"startStampTime\\": 599,
        \\"startTime\\": 600,
        \\"useManageEarlyLeavePersonalReason\\": undefined,
        \\"useManageLateArrivalPersonalReason\\": undefined,
@@ -2850,11 +2826,11 @@
        \\"requestIds\\": Array [
          \\"a077F000000UyG2QAK\\",
          \\"a077F000000UyG2QAN\\",
          \\"a077F000000V3wpQAC\\",
        ],
-       \\"requestTypeCodes\\": Array [],
+       \\"requestTypeCodes\\": null,
        \\"restHours\\": undefined,
        \\"startStampTime\\": 599,
        \\"startTime\\": 600,
        \\"useManageEarlyLeavePersonalReason\\": undefined,
        \\"useManageLateArrivalPersonalReason\\": undefined,
@@ -2943,11 +2919,11 @@
        \\"personalReasonEarlyLeaveEndTime\\": undefined,
        \\"recordDate\\": \\"2017-07-28\\",
        \\"remarks\\": undefined,
        \\"requestDayType\\": undefined,
        \\"requestIds\\": Array [],
-       \\"requestTypeCodes\\": Array [],
+       \\"requestTypeCodes\\": null,
        \\"restHours\\": undefined,
        \\"startStampTime\\": 599,
        \\"startTime\\": 600,
        \\"useManageEarlyLeavePersonalReason\\": undefined,
        \\"useManageLateArrivalPersonalReason\\": undefined,
@@ -3036,14 +3012,11 @@
        \\"personalReasonEarlyLeaveEndTime\\": undefined,
        \\"recordDate\\": \\"2017-07-29\\",
        \\"remarks\\": undefined,
        \\"requestDayType\\": undefined,
        \\"requestIds\\": Array [],
-       \\"requestTypeCodes\\": Array [
-         \\"Leave\\",
-         \\"HolidayWork\\",
-       ],
+       \\"requestTypeCodes\\": null,
        \\"restHours\\": undefined,
        \\"startStampTime\\": 599,
        \\"startTime\\": 600,
        \\"useManageEarlyLeavePersonalReason\\": undefined,
        \\"useManageLateArrivalPersonalReason\\": undefined,
@@ -3132,14 +3105,11 @@
        \\"personalReasonEarlyLeaveEndTime\\": undefined,
        \\"recordDate\\": \\"2017-07-30\\",
        \\"remarks\\": undefined,
        \\"requestDayType\\": undefined,
        \\"requestIds\\": Array [],
-       \\"requestTypeCodes\\": Array [
-         \\"Leave\\",
-         \\"HolidayWork\\",
-       ],
+       \\"requestTypeCodes\\": null,
        \\"restHours\\": undefined,
        \\"startStampTime\\": 599,
        \\"startTime\\": 600,
        \\"useManageEarlyLeavePersonalReason\\": undefined,
        \\"useManageLateArrivalPersonalReason\\": undefined,
@@ -3231,11 +3201,11 @@
        \\"requestDayType\\": undefined,
        \\"requestIds\\": Array [
          \\"a077F000000UyG2QAK\\",
          \\"a077F000000UyG2QAN\\",
        ],
-       \\"requestTypeCodes\\": Array [],
+       \\"requestTypeCodes\\": null,
        \\"restHours\\": undefined,
        \\"startStampTime\\": 599,
        \\"startTime\\": 600,
        \\"useManageEarlyLeavePersonalReason\\": undefined,
        \\"useManageLateArrivalPersonalReason\\": undefined,"
`;

exports[`reducer() TIMESHEET-PC/ENTITIES/TIMESHEET/SET_REQUEST_TYPE_CODES should set all timesheet.records[].requestTypeCodes 1`] = `
"Snapshot Diff:
- First value
+ Second value

@@ -357,12 +357,11 @@
        \\"recordDate\\": \\"2017-07-01\\",
        \\"remarks\\": undefined,
        \\"requestDayType\\": undefined,
        \\"requestIds\\": Array [],
        \\"requestTypeCodes\\": Array [
-         \\"Leave\\",
-         \\"HolidayWork\\",
+         \\"Absence\\",
        ],
        \\"restHours\\": undefined,
        \\"startStampTime\\": 599,
        \\"startTime\\": 600,
        \\"useManageEarlyLeavePersonalReason\\": undefined,
@@ -453,12 +452,11 @@
        \\"recordDate\\": \\"2017-07-02\\",
        \\"remarks\\": undefined,
        \\"requestDayType\\": undefined,
        \\"requestIds\\": Array [],
        \\"requestTypeCodes\\": Array [
-         \\"Leave\\",
-         \\"HolidayWork\\",
+         \\"Absence\\",
        ],
        \\"restHours\\": undefined,
        \\"startStampTime\\": 599,
        \\"startTime\\": 600,
        \\"useManageEarlyLeavePersonalReason\\": undefined,
@@ -1027,12 +1025,11 @@
        \\"recordDate\\": \\"2017-07-08\\",
        \\"remarks\\": undefined,
        \\"requestDayType\\": undefined,
        \\"requestIds\\": Array [],
        \\"requestTypeCodes\\": Array [
-         \\"Leave\\",
-         \\"HolidayWork\\",
+         \\"Absence\\",
        ],
        \\"restHours\\": undefined,
        \\"startStampTime\\": 599,
        \\"startTime\\": 600,
        \\"useManageEarlyLeavePersonalReason\\": undefined,
@@ -1123,12 +1120,11 @@
        \\"recordDate\\": \\"2017-07-09\\",
        \\"remarks\\": undefined,
        \\"requestDayType\\": undefined,
        \\"requestIds\\": Array [],
        \\"requestTypeCodes\\": Array [
-         \\"Leave\\",
-         \\"HolidayWork\\",
+         \\"Absence\\",
        ],
        \\"restHours\\": undefined,
        \\"startStampTime\\": 599,
        \\"startTime\\": 600,
        \\"useManageEarlyLeavePersonalReason\\": undefined,
@@ -1697,12 +1693,11 @@
        \\"recordDate\\": \\"2017-07-15\\",
        \\"remarks\\": undefined,
        \\"requestDayType\\": undefined,
        \\"requestIds\\": Array [],
        \\"requestTypeCodes\\": Array [
-         \\"Leave\\",
-         \\"HolidayWork\\",
+         \\"Absence\\",
        ],
        \\"restHours\\": undefined,
        \\"startStampTime\\": 599,
        \\"startTime\\": 600,
        \\"useManageEarlyLeavePersonalReason\\": undefined,
@@ -1793,12 +1788,11 @@
        \\"recordDate\\": \\"2017-07-16\\",
        \\"remarks\\": undefined,
        \\"requestDayType\\": undefined,
        \\"requestIds\\": Array [],
        \\"requestTypeCodes\\": Array [
-         \\"Leave\\",
-         \\"HolidayWork\\",
+         \\"Absence\\",
        ],
        \\"restHours\\": undefined,
        \\"startStampTime\\": 599,
        \\"startTime\\": 600,
        \\"useManageEarlyLeavePersonalReason\\": undefined,
@@ -2367,12 +2361,11 @@
        \\"recordDate\\": \\"2017-07-22\\",
        \\"remarks\\": undefined,
        \\"requestDayType\\": undefined,
        \\"requestIds\\": Array [],
        \\"requestTypeCodes\\": Array [
-         \\"Leave\\",
-         \\"HolidayWork\\",
+         \\"Absence\\",
        ],
        \\"restHours\\": undefined,
        \\"startStampTime\\": 599,
        \\"startTime\\": 600,
        \\"useManageEarlyLeavePersonalReason\\": undefined,
@@ -2463,12 +2456,11 @@
        \\"recordDate\\": \\"2017-07-23\\",
        \\"remarks\\": undefined,
        \\"requestDayType\\": undefined,
        \\"requestIds\\": Array [],
        \\"requestTypeCodes\\": Array [
-         \\"Leave\\",
-         \\"HolidayWork\\",
+         \\"Absence\\",
        ],
        \\"restHours\\": undefined,
        \\"startStampTime\\": 599,
        \\"startTime\\": 600,
        \\"useManageEarlyLeavePersonalReason\\": undefined,
@@ -3037,12 +3029,11 @@
        \\"recordDate\\": \\"2017-07-29\\",
        \\"remarks\\": undefined,
        \\"requestDayType\\": undefined,
        \\"requestIds\\": Array [],
        \\"requestTypeCodes\\": Array [
-         \\"Leave\\",
-         \\"HolidayWork\\",
+         \\"Absence\\",
        ],
        \\"restHours\\": undefined,
        \\"startStampTime\\": 599,
        \\"startTime\\": 600,
        \\"useManageEarlyLeavePersonalReason\\": undefined,
@@ -3133,12 +3124,11 @@
        \\"recordDate\\": \\"2017-07-30\\",
        \\"remarks\\": undefined,
        \\"requestDayType\\": undefined,
        \\"requestIds\\": Array [],
        \\"requestTypeCodes\\": Array [
-         \\"Leave\\",
-         \\"HolidayWork\\",
+         \\"Absence\\",
        ],
        \\"restHours\\": undefined,
        \\"startStampTime\\": 599,
        \\"startTime\\": 600,
        \\"useManageEarlyLeavePersonalReason\\": undefined,"
`;

exports[`reducer() TIMESHEET-PC/ENTITIES/TIMESHEET/UPDATE_COMMUTE_COUNT should be update Commute Forward Count and Commute BackwardCount to target date. 1`] = `
"Snapshot Diff:
- First value
+ Second value

@@ -67,11 +67,11 @@
        \\"ciloTimePeriods\\": undefined,
        \\"coliTimePeriods\\": undefined,
        \\"coloTimePeriods\\": undefined,
        \\"commuteCount\\": Object {
          \\"backwardCount\\": 0,
-         \\"forwardCount\\": 0,
+         \\"forwardCount\\": 1,
        },
        \\"contractedDetail\\": undefined,
        \\"dailyRestList\\": undefined,
        \\"dayType\\": undefined,
        \\"displayDate\\": 10,
@@ -125,11 +125,11 @@
        \\"ciliTimePeriods\\": undefined,
        \\"ciloTimePeriods\\": undefined,
        \\"coliTimePeriods\\": undefined,
        \\"coloTimePeriods\\": undefined,
        \\"commuteCount\\": Object {
-         \\"backwardCount\\": 0,
+         \\"backwardCount\\": 1,
          \\"forwardCount\\": 0,
        },
        \\"contractedDetail\\": undefined,
        \\"dailyRestList\\": undefined,
        \\"dayType\\": undefined,
@@ -184,12 +184,12 @@
        \\"ciliTimePeriods\\": undefined,
        \\"ciloTimePeriods\\": undefined,
        \\"coliTimePeriods\\": undefined,
        \\"coloTimePeriods\\": undefined,
        \\"commuteCount\\": Object {
-         \\"backwardCount\\": 0,
-         \\"forwardCount\\": 0,
+         \\"backwardCount\\": 1,
+         \\"forwardCount\\": 1,
        },
        \\"contractedDetail\\": undefined,
        \\"dailyRestList\\": undefined,
        \\"dayType\\": undefined,
        \\"displayDate\\": 20,"
`;
