// Jest Snapshot v1, https://goo.gl/fbAQLP

exports[`reducer() @@init 1`] = `
"Snapshot Diff:
- First value
+ Second value

- Object {}
+ Object {
+   \\"lateArrivalReasonList\\": Array [],
+   \\"request\\": null,
+   \\"useLateArrivalReason\\": false,
+ }"
`;

exports[`reducer() TIMESHEET_PC/UI/DAILY_REQUEST/REQUESTS/LATE_ARRIVAL_REQUEST/INITIALIZE 1`] = `
"Snapshot Diff:
- First value
+ Second value

  Object {
-   \\"lateArrivalReasonList\\": Array [],
-   \\"request\\": null,
+   \\"lateArrivalReasonList\\": Array [
+     Object {
+       \\"code\\": null,
+       \\"id\\": null,
+       \\"name\\": null,
+     },
+   ],
+   \\"request\\": Object {
+     \\"approver01Name\\": \\"\\",
+     \\"canDirectInputTimeRequest\\": false,
+     \\"directApplyRestTimes\\": Array [],
+     \\"endDate\\": \\"\\",
+     \\"endTime\\": null,
+     \\"flexEndTime\\": null,
+     \\"flexStartTime\\": null,
+     \\"id\\": \\"\\",
+     \\"isDirectInputTimeRequest\\": false,
+     \\"isForReapply\\": false,
+     \\"leaveCode\\": \\"\\",
+     \\"leaveDetailCode\\": null,
+     \\"leaveDetailName\\": null,
+     \\"leaveName\\": \\"\\",
+     \\"leaveRange\\": null,
+     \\"leaveType\\": null,
+     \\"originalRequestId\\": \\"\\",
+     \\"patternCode\\": null,
+     \\"patternName\\": null,
+     \\"patternRestTimes\\": Array [],
+     \\"personalReason\\": false,
+     \\"reason\\": \\"\\",
+     \\"reasonCode\\": null,
+     \\"reasonId\\": null,
+     \\"reasonName\\": null,
+     \\"remarks\\": \\"\\",
+     \\"requestDayType\\": null,
+     \\"requestTypeCode\\": \\"LateArrival\\",
+     \\"requestTypeName\\": \\"遅刻\\",
+     \\"requestableDayType\\": \\"Holiday\\",
+     \\"requireReason\\": false,
+     \\"startDate\\": \\"2020-04-07\\",
+     \\"startTime\\": 540,
+     \\"status\\": \\"NotRequested\\",
+     \\"substituteDate\\": \\"\\",
+     \\"substituteLeaveType\\": null,
+     \\"type\\": \\"LateArrival\\",
+     \\"useEarlyLeaveReason\\": false,
+     \\"useLateArrivalReason\\": false,
+     \\"useManagePersonalReason\\": false,
+     \\"withoutCoreTime\\": false,
+     \\"workSystem\\": null,
+   },
    \\"useLateArrivalReason\\": false,
  }"
`;

exports[`reducer() TIMESHEET_PC/UI/DAILY_REQUEST/REQUESTS/LATE_ARRIVAL_REQUEST/UPDATE 1`] = `
"Snapshot Diff:
- First value
+ Second value

@@ -20,11 +20,11 @@
      \\"originalRequestId\\": \\"\\",
      \\"patternCode\\": null,
      \\"patternName\\": null,
      \\"patternRestTimes\\": Array [],
      \\"personalReason\\": false,
-     \\"reason\\": \\"\\",
+     \\"reason\\": \\"testですtestです。\\",
      \\"reasonCode\\": null,
      \\"reasonId\\": null,
      \\"reasonName\\": null,
      \\"remarks\\": \\"\\",
      \\"requestDayType\\": null,"
`;
