// Jest Snapshot v1, https://goo.gl/fbAQLP

exports[`reducer() @@INIT 1`] = `
"Snapshot Diff:
Compared values have no visual difference."
`;

exports[`reducer() MOBILE-APP/MODULES/ATTENDANCE/DAILYREQUEST/ENTITIES/AVAILABLEREQUESTS/CLEAR 1`] = `
"Snapshot Diff:
- First value
+ Second value

- Array [
-   Object {
-     \\"requestTypeName\\": \\"test\\",
-   },
- ]
+ Array []"
`;

exports[`reducer() MOBILE-APP/MODULES/ATTENDANCE/DAILYREQUEST/ENTITIES/AVAILABLEREQUESTS/INITIALIZE 1`] = `
"Snapshot Diff:
- First value
+ Second value

- Array []
+ Array [
+   Object {
+     \\"approver01Name\\": \\"\\",
+     \\"directApplyRestTimes\\": Array [],
+     \\"endDate\\": \\"\\",
+     \\"endTime\\": null,
+     \\"id\\": \\"\\",
+     \\"isForReapply\\": false,
+     \\"leaveCode\\": \\"\\",
+     \\"leaveName\\": \\"\\",
+     \\"leaveRange\\": null,
+     \\"leaveType\\": null,
+     \\"originalRequestId\\": \\"\\",
+     \\"patternCode\\": null,
+     \\"patternName\\": null,
+     \\"patternRestTimes\\": Array [],
+     \\"reason\\": \\"\\",
+     \\"remarks\\": \\"\\",
+     \\"requestTypeCode\\": \\"Leave\\",
+     \\"requestTypeName\\": \\"Mock Leave\\",
+     \\"requireReason\\": false,
+     \\"startDate\\": \\"\\",
+     \\"startTime\\": null,
+     \\"status\\": \\"NotRequested\\",
+     \\"substituteDate\\": \\"\\",
+     \\"substituteLeaveType\\": null,
+     \\"type\\": \\"Leave\\",
+   },
+   Object {
+     \\"approver01Name\\": \\"\\",
+     \\"directApplyRestTimes\\": Array [],
+     \\"endDate\\": \\"\\",
+     \\"endTime\\": null,
+     \\"id\\": \\"\\",
+     \\"isForReapply\\": false,
+     \\"leaveCode\\": \\"\\",
+     \\"leaveName\\": \\"\\",
+     \\"leaveRange\\": null,
+     \\"leaveType\\": null,
+     \\"originalRequestId\\": \\"\\",
+     \\"patternCode\\": null,
+     \\"patternName\\": null,
+     \\"patternRestTimes\\": Array [],
+     \\"reason\\": \\"\\",
+     \\"remarks\\": \\"\\",
+     \\"requestTypeCode\\": \\"Direct\\",
+     \\"requestTypeName\\": \\"Mock Direct\\",
+     \\"requireReason\\": false,
+     \\"startDate\\": \\"\\",
+     \\"startTime\\": null,
+     \\"status\\": \\"NotRequested\\",
+     \\"substituteDate\\": \\"\\",
+     \\"substituteLeaveType\\": null,
+     \\"type\\": \\"Direct\\",
+   },
+   Object {
+     \\"approver01Name\\": \\"\\",
+     \\"directApplyRestTimes\\": Array [],
+     \\"endDate\\": \\"\\",
+     \\"endTime\\": null,
+     \\"id\\": \\"\\",
+     \\"isForReapply\\": false,
+     \\"leaveCode\\": \\"\\",
+     \\"leaveName\\": \\"\\",
+     \\"leaveRange\\": null,
+     \\"leaveType\\": null,
+     \\"originalRequestId\\": \\"\\",
+     \\"patternCode\\": null,
+     \\"patternName\\": null,
+     \\"patternRestTimes\\": Array [],
+     \\"reason\\": \\"\\",
+     \\"remarks\\": \\"\\",
+     \\"requestTypeCode\\": \\"Absence\\",
+     \\"requestTypeName\\": \\"Mock Absence\\",
+     \\"requireReason\\": false,
+     \\"startDate\\": \\"\\",
+     \\"startTime\\": null,
+     \\"status\\": \\"NotRequested\\",
+     \\"substituteDate\\": \\"\\",
+     \\"substituteLeaveType\\": null,
+     \\"type\\": \\"Absence\\",
+   },
+ ]"
`;
