// Jest Snapshot v1, https://goo.gl/fbAQLP

exports[`Dialog openApprovalHistoryDialog() openApprovalHistoryDialog success 1`] = `
Array [
  Object {
    "type": "LOADING_START",
  },
  Object {
    "payload": Object {
      "historyList": Array [
        Object {
          "actorId": "0052v00000ZChkzAAD",
          "actorName": "Demo Admin",
          "actorPhotoUrl": "https://qinyuanbk-dev-ed--c.documentforce.com/profilephoto/005/T",
          "approveTime": "2020-02-26 17:18",
          "approverName": null,
          "comment": null,
          "id": "04h2v00000UlYpvAAF",
          "isDelegated": true,
          "isPending": false,
          "status": "Started",
          "statusLabel": "Submitted",
          "stepName": null,
        },
        Object {
          "actorId": "0052v00000a3hsZAAQ",
          "actorName": "backup0619 sub",
          "actorPhotoUrl": "https://qinyuanbk-dev-ed--c.documentforce.com/profilephoto/005/T",
          "approveTime": "2020-02-26 17:09",
          "approverName": null,
          "comment": null,
          "id": "04h2v00000UlYlKAAV",
          "isDelegated": false,
          "isPending": false,
          "status": "Removed",
          "statusLabel": "Recalled",
          "stepName": "ステップ 1",
        },
        Object {
          "actorId": "0052v00000a3hsZAAQ",
          "actorName": "backup0619 sub",
          "actorPhotoUrl": "https://qinyuanbk-dev-ed--c.documentforce.com/profilephoto/005/T",
          "approveTime": "2020-02-26 17:08",
          "approverName": null,
          "comment": null,
          "id": "04h2v00000UlYkvAAF",
          "isDelegated": false,
          "isPending": false,
          "status": "Started",
          "statusLabel": "Submitted",
          "stepName": null,
        },
      ],
    },
    "type": "MODULES/EXP/APPROVAL/REQUEST/HISTORY/GET_SUCCESS",
  },
  Object {
    "payload": "APPROVAL_HISTORY",
    "type": "MODULES/DIALOG/ACTIVE_DIALOG/APPROVAL_HISTORY",
  },
  Object {
    "type": "LOADING_END",
  },
]
`;

exports[`Dialog openCostCenterDialog() openCostCenterDialog success 1`] = `
Array [
  Object {
    "payload": true,
    "type": "MODULES/EXPENSES/DIALOG/IS_LOADING/TOGGLE",
  },
  Object {
    "payload": "COST_CENTER",
    "type": "MODULES/DIALOG/ACTIVE_DIALOG/COST_CENTER",
  },
  Object {
    "payload": Array [
      Object {
        "baseId": "a0O2v00001jrayLEAQ",
        "code": "34523",
        "hasChildren": false,
        "id": "a0P2v00001LQaDWEA1",
        "name": "Parent cost center",
      },
    ],
    "type": "MODULES/ENTITIES/EXP/COST_CENTER/LIST_SUCCESS",
  },
  Object {
    "payload": Array [
      Object {
        "baseId": "a0O2v00001jrayLEAQ",
        "code": "34523",
        "hasChildren": false,
        "id": undefined,
        "name": "Parent cost center",
      },
    ],
    "type": "COMMONS/COST_CENTER_DIALOG/UI/LIST/SET_RECENT",
  },
  Object {
    "payload": false,
    "type": "MODULES/EXPENSES/DIALOG/IS_LOADING/TOGGLE",
  },
]
`;

exports[`Dialog openEILookupDialog() open EI lookup dialog success 1`] = `
Array [
  Object {
    "payload": Object {},
    "type": "MODULES/EXPENSES/DIALOG/EI_LOOKUP/LIST/SET",
  },
  Object {
    "payload": "EI_LOOKUP",
    "type": "MODULES/DIALOG/ACTIVE_DIALOG/EI_LOOKUP",
  },
  Object {
    "payload": true,
    "type": "MODULES/EXPENSES/DIALOG/IS_LOADING/TOGGLE",
  },
  Object {
    "payload": Object {
      "isSuccess": true,
      "result": Object {
        "hasMore": false,
        "records": Array [
          Object {
            "code": "Custom-8-Option-100",
            "extendedItemCustomId": "a0b2v00000OEJF9AAP",
            "id": "a0a2v00000TChrVAAT",
            "name": "Custom-8custom option100 L0",
            "nameL0": "Custom-8custom option100 L0",
            "nameL1": "Custom-8custom option100 L1",
            "nameL2": "Custom-8custom option100 L2",
          },
        ],
      },
    },
    "type": "MODULES/EXPENSES/DIALOG/EI_LOOKUP/RECENTLY_USED/SET",
  },
  Object {
    "payload": false,
    "type": "MODULES/EXPENSES/DIALOG/IS_LOADING/TOGGLE",
  },
]
`;

exports[`Dialog openExpenseTypeDialog() openExpenseTypeDialog success 1`] = `
Array [
  Object {
    "payload": "EXPENSE_TYPE",
    "type": "MODULES/DIALOG/ACTIVE_DIALOG/EXPENSE_TYPE",
  },
  Object {
    "payload": true,
    "type": "MODULES/EXPENSES/DIALOG/IS_LOADING/TOGGLE",
  },
  Object {
    "payload": "",
    "type": "MODULES/EXPENSES/DIALOG/EXPENSE_TYPE_SELECT/RECORD_LIST/SET",
  },
  Object {
    "payload": Array [
      Object {
        "attrText01": null,
        "attrText02": null,
        "attrText03": null,
        "attrText04": null,
        "attrText05": null,
        "code": "234513451",
        "companyId": "a0N2v00000VuxjtEAB",
        "debitAccountCode": null,
        "debitAccountName": null,
        "debitSubAccountCode": null,
        "debitSubAccountName": null,
        "description": null,
        "description_L0": null,
        "description_L1": null,
        "description_L2": null,
        "expTypeChildIds": Array [],
        "extendedItemDate01Id": null,
        "extendedItemDate01Info": null,
        "extendedItemDate01RequiredFor": null,
        "extendedItemDate01UsedIn": null,
        "extendedItemDate02Id": null,
        "extendedItemDate02Info": null,
        "extendedItemDate02RequiredFor": null,
        "extendedItemDate02UsedIn": null,
        "extendedItemDate03Id": null,
        "extendedItemDate03Info": null,
        "extendedItemDate03RequiredFor": null,
        "extendedItemDate03UsedIn": null,
        "extendedItemDate04Id": null,
        "extendedItemDate04Info": null,
        "extendedItemDate04RequiredFor": null,
        "extendedItemDate04UsedIn": null,
        "extendedItemDate05Id": null,
        "extendedItemDate05Info": null,
        "extendedItemDate05RequiredFor": null,
        "extendedItemDate05UsedIn": null,
        "extendedItemDate06Id": null,
        "extendedItemDate06Info": null,
        "extendedItemDate06RequiredFor": null,
        "extendedItemDate06UsedIn": null,
        "extendedItemDate07Id": null,
        "extendedItemDate07Info": null,
        "extendedItemDate07RequiredFor": null,
        "extendedItemDate07UsedIn": null,
        "extendedItemDate08Id": null,
        "extendedItemDate08Info": null,
        "extendedItemDate08RequiredFor": null,
        "extendedItemDate08UsedIn": null,
        "extendedItemDate09Id": null,
        "extendedItemDate09Info": null,
        "extendedItemDate09RequiredFor": null,
        "extendedItemDate09UsedIn": null,
        "extendedItemDate10Id": null,
        "extendedItemDate10Info": null,
        "extendedItemDate10RequiredFor": null,
        "extendedItemDate10UsedIn": null,
        "extendedItemLookup01Id": null,
        "extendedItemLookup01Info": null,
        "extendedItemLookup01RequiredFor": null,
        "extendedItemLookup01UsedIn": null,
        "extendedItemLookup02Id": null,
        "extendedItemLookup02Info": null,
        "extendedItemLookup02RequiredFor": null,
        "extendedItemLookup02UsedIn": null,
        "extendedItemLookup03Id": null,
        "extendedItemLookup03Info": null,
        "extendedItemLookup03RequiredFor": null,
        "extendedItemLookup03UsedIn": null,
        "extendedItemLookup04Id": null,
        "extendedItemLookup04Info": null,
        "extendedItemLookup04RequiredFor": null,
        "extendedItemLookup04UsedIn": null,
        "extendedItemLookup05Id": null,
        "extendedItemLookup05Info": null,
        "extendedItemLookup05RequiredFor": null,
        "extendedItemLookup05UsedIn": null,
        "extendedItemLookup06Id": null,
        "extendedItemLookup06Info": null,
        "extendedItemLookup06RequiredFor": null,
        "extendedItemLookup06UsedIn": null,
        "extendedItemLookup07Id": null,
        "extendedItemLookup07Info": null,
        "extendedItemLookup07RequiredFor": null,
        "extendedItemLookup07UsedIn": null,
        "extendedItemLookup08Id": null,
        "extendedItemLookup08Info": null,
        "extendedItemLookup08RequiredFor": null,
        "extendedItemLookup08UsedIn": null,
        "extendedItemLookup09Id": null,
        "extendedItemLookup09Info": null,
        "extendedItemLookup09RequiredFor": null,
        "extendedItemLookup09UsedIn": null,
        "extendedItemLookup10Id": null,
        "extendedItemLookup10Info": null,
        "extendedItemLookup10RequiredFor": null,
        "extendedItemLookup10UsedIn": null,
        "extendedItemPicklist01Id": null,
        "extendedItemPicklist01Info": null,
        "extendedItemPicklist01RequiredFor": null,
        "extendedItemPicklist01UsedIn": null,
        "extendedItemPicklist02Id": null,
        "extendedItemPicklist02Info": null,
        "extendedItemPicklist02RequiredFor": null,
        "extendedItemPicklist02UsedIn": null,
        "extendedItemPicklist03Id": null,
        "extendedItemPicklist03Info": null,
        "extendedItemPicklist03RequiredFor": null,
        "extendedItemPicklist03UsedIn": null,
        "extendedItemPicklist04Id": null,
        "extendedItemPicklist04Info": null,
        "extendedItemPicklist04RequiredFor": null,
        "extendedItemPicklist04UsedIn": null,
        "extendedItemPicklist05Id": null,
        "extendedItemPicklist05Info": null,
        "extendedItemPicklist05RequiredFor": null,
        "extendedItemPicklist05UsedIn": null,
        "extendedItemPicklist06Id": null,
        "extendedItemPicklist06Info": null,
        "extendedItemPicklist06RequiredFor": null,
        "extendedItemPicklist06UsedIn": null,
        "extendedItemPicklist07Id": null,
        "extendedItemPicklist07Info": null,
        "extendedItemPicklist07RequiredFor": null,
        "extendedItemPicklist07UsedIn": null,
        "extendedItemPicklist08Id": null,
        "extendedItemPicklist08Info": null,
        "extendedItemPicklist08RequiredFor": null,
        "extendedItemPicklist08UsedIn": null,
        "extendedItemPicklist09Id": null,
        "extendedItemPicklist09Info": null,
        "extendedItemPicklist09RequiredFor": null,
        "extendedItemPicklist09UsedIn": null,
        "extendedItemPicklist10Id": null,
        "extendedItemPicklist10Info": null,
        "extendedItemPicklist10RequiredFor": null,
        "extendedItemPicklist10UsedIn": null,
        "extendedItemText01Id": null,
        "extendedItemText01Info": null,
        "extendedItemText01RequiredFor": null,
        "extendedItemText01UsedIn": null,
        "extendedItemText02Id": null,
        "extendedItemText02Info": null,
        "extendedItemText02RequiredFor": null,
        "extendedItemText02UsedIn": null,
        "extendedItemText03Id": null,
        "extendedItemText03Info": null,
        "extendedItemText03RequiredFor": null,
        "extendedItemText03UsedIn": null,
        "extendedItemText04Id": null,
        "extendedItemText04Info": null,
        "extendedItemText04RequiredFor": null,
        "extendedItemText04UsedIn": null,
        "extendedItemText05Id": null,
        "extendedItemText05Info": null,
        "extendedItemText05RequiredFor": null,
        "extendedItemText05UsedIn": null,
        "extendedItemText06Id": null,
        "extendedItemText06Info": null,
        "extendedItemText06RequiredFor": null,
        "extendedItemText06UsedIn": null,
        "extendedItemText07Id": null,
        "extendedItemText07Info": null,
        "extendedItemText07RequiredFor": null,
        "extendedItemText07UsedIn": null,
        "extendedItemText08Id": null,
        "extendedItemText08Info": null,
        "extendedItemText08RequiredFor": null,
        "extendedItemText08UsedIn": null,
        "extendedItemText09Id": null,
        "extendedItemText09Info": null,
        "extendedItemText09RequiredFor": null,
        "extendedItemText09UsedIn": null,
        "extendedItemText10Id": null,
        "extendedItemText10Info": null,
        "extendedItemText10RequiredFor": null,
        "extendedItemText10UsedIn": null,
        "fileAttachment": "NotUsed",
        "fixedAllowanceOptionList": Array [],
        "fixedAllowanceSingleAmount": null,
        "fixedForeignCurrencyId": null,
        "foreignCurrencyUsage": "NOT_USED",
        "hierarchyParentNameList": Array [],
        "id": "a1B2v00000HDF14EAH",
        "isFavorite": true,
        "name": "IC with EI",
        "name_L0": "IC with EI",
        "name_L1": null,
        "name_L2": null,
        "order": null,
        "parentGroup": Object {
          "name": null,
        },
        "parentGroupCode": null,
        "parentGroupId": null,
        "recordType": "TransportICCardJP",
        "taxType1": Object {
          "name": null,
        },
        "taxType1Id": null,
        "taxType2": Object {
          "name": null,
        },
        "taxType2Id": null,
        "taxType3": Object {
          "name": null,
        },
        "taxType3Id": null,
        "usage": null,
        "useForeignCurrency": false,
        "validDateFrom": "2019-09-01",
        "validDateTo": "2101-01-01",
      },
      Object {
        "attrText01": null,
        "attrText02": null,
        "attrText03": null,
        "attrText04": null,
        "attrText05": null,
        "code": "392432",
        "companyId": "a0N2v00000VuxjtEAB",
        "debitAccountCode": null,
        "debitAccountName": null,
        "debitSubAccountCode": null,
        "debitSubAccountName": null,
        "description": null,
        "description_L0": null,
        "description_L1": null,
        "description_L2": null,
        "expTypeChildIds": Array [],
        "extendedItemDate01Id": null,
        "extendedItemDate01Info": null,
        "extendedItemDate01RequiredFor": null,
        "extendedItemDate01UsedIn": null,
        "extendedItemDate02Id": null,
        "extendedItemDate02Info": null,
        "extendedItemDate02RequiredFor": null,
        "extendedItemDate02UsedIn": null,
        "extendedItemDate03Id": null,
        "extendedItemDate03Info": null,
        "extendedItemDate03RequiredFor": null,
        "extendedItemDate03UsedIn": null,
        "extendedItemDate04Id": null,
        "extendedItemDate04Info": null,
        "extendedItemDate04RequiredFor": null,
        "extendedItemDate04UsedIn": null,
        "extendedItemDate05Id": null,
        "extendedItemDate05Info": null,
        "extendedItemDate05RequiredFor": null,
        "extendedItemDate05UsedIn": null,
        "extendedItemDate06Id": null,
        "extendedItemDate06Info": null,
        "extendedItemDate06RequiredFor": null,
        "extendedItemDate06UsedIn": null,
        "extendedItemDate07Id": null,
        "extendedItemDate07Info": null,
        "extendedItemDate07RequiredFor": null,
        "extendedItemDate07UsedIn": null,
        "extendedItemDate08Id": null,
        "extendedItemDate08Info": null,
        "extendedItemDate08RequiredFor": null,
        "extendedItemDate08UsedIn": null,
        "extendedItemDate09Id": null,
        "extendedItemDate09Info": null,
        "extendedItemDate09RequiredFor": null,
        "extendedItemDate09UsedIn": null,
        "extendedItemDate10Id": null,
        "extendedItemDate10Info": null,
        "extendedItemDate10RequiredFor": null,
        "extendedItemDate10UsedIn": null,
        "extendedItemLookup01Id": null,
        "extendedItemLookup01Info": null,
        "extendedItemLookup01RequiredFor": null,
        "extendedItemLookup01UsedIn": null,
        "extendedItemLookup02Id": null,
        "extendedItemLookup02Info": null,
        "extendedItemLookup02RequiredFor": null,
        "extendedItemLookup02UsedIn": null,
        "extendedItemLookup03Id": null,
        "extendedItemLookup03Info": null,
        "extendedItemLookup03RequiredFor": null,
        "extendedItemLookup03UsedIn": null,
        "extendedItemLookup04Id": null,
        "extendedItemLookup04Info": null,
        "extendedItemLookup04RequiredFor": null,
        "extendedItemLookup04UsedIn": null,
        "extendedItemLookup05Id": null,
        "extendedItemLookup05Info": null,
        "extendedItemLookup05RequiredFor": null,
        "extendedItemLookup05UsedIn": null,
        "extendedItemLookup06Id": null,
        "extendedItemLookup06Info": null,
        "extendedItemLookup06RequiredFor": null,
        "extendedItemLookup06UsedIn": null,
        "extendedItemLookup07Id": null,
        "extendedItemLookup07Info": null,
        "extendedItemLookup07RequiredFor": null,
        "extendedItemLookup07UsedIn": null,
        "extendedItemLookup08Id": null,
        "extendedItemLookup08Info": null,
        "extendedItemLookup08RequiredFor": null,
        "extendedItemLookup08UsedIn": null,
        "extendedItemLookup09Id": null,
        "extendedItemLookup09Info": null,
        "extendedItemLookup09RequiredFor": null,
        "extendedItemLookup09UsedIn": null,
        "extendedItemLookup10Id": null,
        "extendedItemLookup10Info": null,
        "extendedItemLookup10RequiredFor": null,
        "extendedItemLookup10UsedIn": null,
        "extendedItemPicklist01Id": null,
        "extendedItemPicklist01Info": null,
        "extendedItemPicklist01RequiredFor": null,
        "extendedItemPicklist01UsedIn": null,
        "extendedItemPicklist02Id": null,
        "extendedItemPicklist02Info": null,
        "extendedItemPicklist02RequiredFor": null,
        "extendedItemPicklist02UsedIn": null,
        "extendedItemPicklist03Id": null,
        "extendedItemPicklist03Info": null,
        "extendedItemPicklist03RequiredFor": null,
        "extendedItemPicklist03UsedIn": null,
        "extendedItemPicklist04Id": null,
        "extendedItemPicklist04Info": null,
        "extendedItemPicklist04RequiredFor": null,
        "extendedItemPicklist04UsedIn": null,
        "extendedItemPicklist05Id": null,
        "extendedItemPicklist05Info": null,
        "extendedItemPicklist05RequiredFor": null,
        "extendedItemPicklist05UsedIn": null,
        "extendedItemPicklist06Id": null,
        "extendedItemPicklist06Info": null,
        "extendedItemPicklist06RequiredFor": null,
        "extendedItemPicklist06UsedIn": null,
        "extendedItemPicklist07Id": null,
        "extendedItemPicklist07Info": null,
        "extendedItemPicklist07RequiredFor": null,
        "extendedItemPicklist07UsedIn": null,
        "extendedItemPicklist08Id": null,
        "extendedItemPicklist08Info": null,
        "extendedItemPicklist08RequiredFor": null,
        "extendedItemPicklist08UsedIn": null,
        "extendedItemPicklist09Id": null,
        "extendedItemPicklist09Info": null,
        "extendedItemPicklist09RequiredFor": null,
        "extendedItemPicklist09UsedIn": null,
        "extendedItemPicklist10Id": null,
        "extendedItemPicklist10Info": null,
        "extendedItemPicklist10RequiredFor": null,
        "extendedItemPicklist10UsedIn": null,
        "extendedItemText01Id": null,
        "extendedItemText01Info": null,
        "extendedItemText01RequiredFor": null,
        "extendedItemText01UsedIn": null,
        "extendedItemText02Id": null,
        "extendedItemText02Info": null,
        "extendedItemText02RequiredFor": null,
        "extendedItemText02UsedIn": null,
        "extendedItemText03Id": null,
        "extendedItemText03Info": null,
        "extendedItemText03RequiredFor": null,
        "extendedItemText03UsedIn": null,
        "extendedItemText04Id": null,
        "extendedItemText04Info": null,
        "extendedItemText04RequiredFor": null,
        "extendedItemText04UsedIn": null,
        "extendedItemText05Id": null,
        "extendedItemText05Info": null,
        "extendedItemText05RequiredFor": null,
        "extendedItemText05UsedIn": null,
        "extendedItemText06Id": null,
        "extendedItemText06Info": null,
        "extendedItemText06RequiredFor": null,
        "extendedItemText06UsedIn": null,
        "extendedItemText07Id": null,
        "extendedItemText07Info": null,
        "extendedItemText07RequiredFor": null,
        "extendedItemText07UsedIn": null,
        "extendedItemText08Id": null,
        "extendedItemText08Info": null,
        "extendedItemText08RequiredFor": null,
        "extendedItemText08UsedIn": null,
        "extendedItemText09Id": null,
        "extendedItemText09Info": null,
        "extendedItemText09RequiredFor": null,
        "extendedItemText09UsedIn": null,
        "extendedItemText10Id": null,
        "extendedItemText10Info": null,
        "extendedItemText10RequiredFor": null,
        "extendedItemText10UsedIn": null,
        "fileAttachment": "Optional",
        "fixedAllowanceOptionList": Array [],
        "fixedAllowanceSingleAmount": null,
        "fixedForeignCurrencyId": null,
        "foreignCurrencyUsage": "NOT_USED",
        "hierarchyParentNameList": Array [],
        "id": "a1B2v00000HCLD8EAP",
        "isFavorite": true,
        "name": "I'm Mileage XD",
        "name_L0": "I'm Mileage XD",
        "name_L1": null,
        "name_L2": null,
        "order": null,
        "parentGroup": Object {
          "name": null,
        },
        "parentGroupCode": null,
        "parentGroupId": null,
        "recordType": "General",
        "taxType1": Object {
          "name": null,
        },
        "taxType1Id": null,
        "taxType2": Object {
          "name": null,
        },
        "taxType2Id": null,
        "taxType3": Object {
          "name": null,
        },
        "taxType3Id": null,
        "usage": null,
        "useForeignCurrency": false,
        "validDateFrom": "2019-06-01",
        "validDateTo": "2021-09-01",
      },
      Object {
        "attrText01": null,
        "attrText02": null,
        "attrText03": null,
        "attrText04": null,
        "attrText05": null,
        "code": "ASDFASF11",
        "companyId": "a0N2v00000VuxjtEAB",
        "debitAccountCode": null,
        "debitAccountName": null,
        "debitSubAccountCode": null,
        "debitSubAccountName": null,
        "description": null,
        "description_L0": null,
        "description_L1": null,
        "description_L2": null,
        "expTypeChildIds": Array [],
        "extendedItemDate01Id": null,
        "extendedItemDate01Info": null,
        "extendedItemDate01RequiredFor": null,
        "extendedItemDate01UsedIn": null,
        "extendedItemDate02Id": null,
        "extendedItemDate02Info": null,
        "extendedItemDate02RequiredFor": null,
        "extendedItemDate02UsedIn": null,
        "extendedItemDate03Id": null,
        "extendedItemDate03Info": null,
        "extendedItemDate03RequiredFor": null,
        "extendedItemDate03UsedIn": null,
        "extendedItemDate04Id": null,
        "extendedItemDate04Info": null,
        "extendedItemDate04RequiredFor": null,
        "extendedItemDate04UsedIn": null,
        "extendedItemDate05Id": null,
        "extendedItemDate05Info": null,
        "extendedItemDate05RequiredFor": null,
        "extendedItemDate05UsedIn": null,
        "extendedItemDate06Id": null,
        "extendedItemDate06Info": null,
        "extendedItemDate06RequiredFor": null,
        "extendedItemDate06UsedIn": null,
        "extendedItemDate07Id": null,
        "extendedItemDate07Info": null,
        "extendedItemDate07RequiredFor": null,
        "extendedItemDate07UsedIn": null,
        "extendedItemDate08Id": null,
        "extendedItemDate08Info": null,
        "extendedItemDate08RequiredFor": null,
        "extendedItemDate08UsedIn": null,
        "extendedItemDate09Id": null,
        "extendedItemDate09Info": null,
        "extendedItemDate09RequiredFor": null,
        "extendedItemDate09UsedIn": null,
        "extendedItemDate10Id": null,
        "extendedItemDate10Info": null,
        "extendedItemDate10RequiredFor": null,
        "extendedItemDate10UsedIn": null,
        "extendedItemLookup01Id": null,
        "extendedItemLookup01Info": null,
        "extendedItemLookup01RequiredFor": null,
        "extendedItemLookup01UsedIn": null,
        "extendedItemLookup02Id": null,
        "extendedItemLookup02Info": null,
        "extendedItemLookup02RequiredFor": null,
        "extendedItemLookup02UsedIn": null,
        "extendedItemLookup03Id": null,
        "extendedItemLookup03Info": null,
        "extendedItemLookup03RequiredFor": null,
        "extendedItemLookup03UsedIn": null,
        "extendedItemLookup04Id": null,
        "extendedItemLookup04Info": null,
        "extendedItemLookup04RequiredFor": null,
        "extendedItemLookup04UsedIn": null,
        "extendedItemLookup05Id": null,
        "extendedItemLookup05Info": null,
        "extendedItemLookup05RequiredFor": null,
        "extendedItemLookup05UsedIn": null,
        "extendedItemLookup06Id": null,
        "extendedItemLookup06Info": null,
        "extendedItemLookup06RequiredFor": null,
        "extendedItemLookup06UsedIn": null,
        "extendedItemLookup07Id": null,
        "extendedItemLookup07Info": null,
        "extendedItemLookup07RequiredFor": null,
        "extendedItemLookup07UsedIn": null,
        "extendedItemLookup08Id": null,
        "extendedItemLookup08Info": null,
        "extendedItemLookup08RequiredFor": null,
        "extendedItemLookup08UsedIn": null,
        "extendedItemLookup09Id": null,
        "extendedItemLookup09Info": null,
        "extendedItemLookup09RequiredFor": null,
        "extendedItemLookup09UsedIn": null,
        "extendedItemLookup10Id": null,
        "extendedItemLookup10Info": null,
        "extendedItemLookup10RequiredFor": null,
        "extendedItemLookup10UsedIn": null,
        "extendedItemPicklist01Id": null,
        "extendedItemPicklist01Info": null,
        "extendedItemPicklist01RequiredFor": null,
        "extendedItemPicklist01UsedIn": null,
        "extendedItemPicklist02Id": null,
        "extendedItemPicklist02Info": null,
        "extendedItemPicklist02RequiredFor": null,
        "extendedItemPicklist02UsedIn": null,
        "extendedItemPicklist03Id": null,
        "extendedItemPicklist03Info": null,
        "extendedItemPicklist03RequiredFor": null,
        "extendedItemPicklist03UsedIn": null,
        "extendedItemPicklist04Id": null,
        "extendedItemPicklist04Info": null,
        "extendedItemPicklist04RequiredFor": null,
        "extendedItemPicklist04UsedIn": null,
        "extendedItemPicklist05Id": null,
        "extendedItemPicklist05Info": null,
        "extendedItemPicklist05RequiredFor": null,
        "extendedItemPicklist05UsedIn": null,
        "extendedItemPicklist06Id": null,
        "extendedItemPicklist06Info": null,
        "extendedItemPicklist06RequiredFor": null,
        "extendedItemPicklist06UsedIn": null,
        "extendedItemPicklist07Id": null,
        "extendedItemPicklist07Info": null,
        "extendedItemPicklist07RequiredFor": null,
        "extendedItemPicklist07UsedIn": null,
        "extendedItemPicklist08Id": null,
        "extendedItemPicklist08Info": null,
        "extendedItemPicklist08RequiredFor": null,
        "extendedItemPicklist08UsedIn": null,
        "extendedItemPicklist09Id": null,
        "extendedItemPicklist09Info": null,
        "extendedItemPicklist09RequiredFor": null,
        "extendedItemPicklist09UsedIn": null,
        "extendedItemPicklist10Id": null,
        "extendedItemPicklist10Info": null,
        "extendedItemPicklist10RequiredFor": null,
        "extendedItemPicklist10UsedIn": null,
        "extendedItemText01Id": null,
        "extendedItemText01Info": null,
        "extendedItemText01RequiredFor": null,
        "extendedItemText01UsedIn": null,
        "extendedItemText02Id": null,
        "extendedItemText02Info": null,
        "extendedItemText02RequiredFor": null,
        "extendedItemText02UsedIn": null,
        "extendedItemText03Id": null,
        "extendedItemText03Info": null,
        "extendedItemText03RequiredFor": null,
        "extendedItemText03UsedIn": null,
        "extendedItemText04Id": null,
        "extendedItemText04Info": null,
        "extendedItemText04RequiredFor": null,
        "extendedItemText04UsedIn": null,
        "extendedItemText05Id": null,
        "extendedItemText05Info": null,
        "extendedItemText05RequiredFor": null,
        "extendedItemText05UsedIn": null,
        "extendedItemText06Id": null,
        "extendedItemText06Info": null,
        "extendedItemText06RequiredFor": null,
        "extendedItemText06UsedIn": null,
        "extendedItemText07Id": null,
        "extendedItemText07Info": null,
        "extendedItemText07RequiredFor": null,
        "extendedItemText07UsedIn": null,
        "extendedItemText08Id": null,
        "extendedItemText08Info": null,
        "extendedItemText08RequiredFor": null,
        "extendedItemText08UsedIn": null,
        "extendedItemText09Id": null,
        "extendedItemText09Info": null,
        "extendedItemText09RequiredFor": null,
        "extendedItemText09UsedIn": null,
        "extendedItemText10Id": null,
        "extendedItemText10Info": null,
        "extendedItemText10RequiredFor": null,
        "extendedItemText10UsedIn": null,
        "fileAttachment": "NotUsed",
        "fixedAllowanceOptionList": Array [],
        "fixedAllowanceSingleAmount": null,
        "fixedForeignCurrencyId": null,
        "foreignCurrencyUsage": "NOT_USED",
        "hierarchyParentNameList": Array [],
        "id": "a1B2v00000HDD96EAH",
        "isFavorite": true,
        "name": "ic 1126",
        "name_L0": "ic 1126",
        "name_L1": null,
        "name_L2": null,
        "order": null,
        "parentGroup": Object {
          "name": null,
        },
        "parentGroupCode": null,
        "parentGroupId": null,
        "recordType": "TransportICCardJP",
        "taxType1": Object {
          "name": null,
        },
        "taxType1Id": null,
        "taxType2": Object {
          "name": null,
        },
        "taxType2Id": null,
        "taxType3": Object {
          "name": null,
        },
        "taxType3Id": null,
        "usage": null,
        "useForeignCurrency": false,
        "validDateFrom": "2019-08-01",
        "validDateTo": "2101-01-01",
      },
      Object {
        "attrText01": null,
        "attrText02": null,
        "attrText03": null,
        "attrText04": null,
        "attrText05": null,
        "code": "LC_HOTELFEE_OPTIONAL",
        "companyId": "a0N2v00000VuxjtEAB",
        "debitAccountCode": null,
        "debitAccountName": null,
        "debitSubAccountCode": null,
        "debitSubAccountName": null,
        "description": null,
        "description_L0": null,
        "description_L1": null,
        "description_L2": null,
        "expTypeChildIds": Array [],
        "extendedItemDate01Id": null,
        "extendedItemDate01Info": null,
        "extendedItemDate01RequiredFor": null,
        "extendedItemDate01UsedIn": null,
        "extendedItemDate02Id": null,
        "extendedItemDate02Info": null,
        "extendedItemDate02RequiredFor": null,
        "extendedItemDate02UsedIn": null,
        "extendedItemDate03Id": null,
        "extendedItemDate03Info": null,
        "extendedItemDate03RequiredFor": null,
        "extendedItemDate03UsedIn": null,
        "extendedItemDate04Id": null,
        "extendedItemDate04Info": null,
        "extendedItemDate04RequiredFor": null,
        "extendedItemDate04UsedIn": null,
        "extendedItemDate05Id": null,
        "extendedItemDate05Info": null,
        "extendedItemDate05RequiredFor": null,
        "extendedItemDate05UsedIn": null,
        "extendedItemDate06Id": null,
        "extendedItemDate06Info": null,
        "extendedItemDate06RequiredFor": null,
        "extendedItemDate06UsedIn": null,
        "extendedItemDate07Id": null,
        "extendedItemDate07Info": null,
        "extendedItemDate07RequiredFor": null,
        "extendedItemDate07UsedIn": null,
        "extendedItemDate08Id": null,
        "extendedItemDate08Info": null,
        "extendedItemDate08RequiredFor": null,
        "extendedItemDate08UsedIn": null,
        "extendedItemDate09Id": null,
        "extendedItemDate09Info": null,
        "extendedItemDate09RequiredFor": null,
        "extendedItemDate09UsedIn": null,
        "extendedItemDate10Id": null,
        "extendedItemDate10Info": null,
        "extendedItemDate10RequiredFor": null,
        "extendedItemDate10UsedIn": null,
        "extendedItemLookup01Id": null,
        "extendedItemLookup01Info": null,
        "extendedItemLookup01RequiredFor": null,
        "extendedItemLookup01UsedIn": null,
        "extendedItemLookup02Id": null,
        "extendedItemLookup02Info": null,
        "extendedItemLookup02RequiredFor": null,
        "extendedItemLookup02UsedIn": null,
        "extendedItemLookup03Id": null,
        "extendedItemLookup03Info": null,
        "extendedItemLookup03RequiredFor": null,
        "extendedItemLookup03UsedIn": null,
        "extendedItemLookup04Id": null,
        "extendedItemLookup04Info": null,
        "extendedItemLookup04RequiredFor": null,
        "extendedItemLookup04UsedIn": null,
        "extendedItemLookup05Id": null,
        "extendedItemLookup05Info": null,
        "extendedItemLookup05RequiredFor": null,
        "extendedItemLookup05UsedIn": null,
        "extendedItemLookup06Id": null,
        "extendedItemLookup06Info": null,
        "extendedItemLookup06RequiredFor": null,
        "extendedItemLookup06UsedIn": null,
        "extendedItemLookup07Id": null,
        "extendedItemLookup07Info": null,
        "extendedItemLookup07RequiredFor": null,
        "extendedItemLookup07UsedIn": null,
        "extendedItemLookup08Id": null,
        "extendedItemLookup08Info": null,
        "extendedItemLookup08RequiredFor": null,
        "extendedItemLookup08UsedIn": null,
        "extendedItemLookup09Id": null,
        "extendedItemLookup09Info": null,
        "extendedItemLookup09RequiredFor": null,
        "extendedItemLookup09UsedIn": null,
        "extendedItemLookup10Id": null,
        "extendedItemLookup10Info": null,
        "extendedItemLookup10RequiredFor": null,
        "extendedItemLookup10UsedIn": null,
        "extendedItemPicklist01Id": null,
        "extendedItemPicklist01Info": null,
        "extendedItemPicklist01RequiredFor": null,
        "extendedItemPicklist01UsedIn": null,
        "extendedItemPicklist02Id": null,
        "extendedItemPicklist02Info": null,
        "extendedItemPicklist02RequiredFor": null,
        "extendedItemPicklist02UsedIn": null,
        "extendedItemPicklist03Id": null,
        "extendedItemPicklist03Info": null,
        "extendedItemPicklist03RequiredFor": null,
        "extendedItemPicklist03UsedIn": null,
        "extendedItemPicklist04Id": null,
        "extendedItemPicklist04Info": null,
        "extendedItemPicklist04RequiredFor": null,
        "extendedItemPicklist04UsedIn": null,
        "extendedItemPicklist05Id": null,
        "extendedItemPicklist05Info": null,
        "extendedItemPicklist05RequiredFor": null,
        "extendedItemPicklist05UsedIn": null,
        "extendedItemPicklist06Id": null,
        "extendedItemPicklist06Info": null,
        "extendedItemPicklist06RequiredFor": null,
        "extendedItemPicklist06UsedIn": null,
        "extendedItemPicklist07Id": null,
        "extendedItemPicklist07Info": null,
        "extendedItemPicklist07RequiredFor": null,
        "extendedItemPicklist07UsedIn": null,
        "extendedItemPicklist08Id": null,
        "extendedItemPicklist08Info": null,
        "extendedItemPicklist08RequiredFor": null,
        "extendedItemPicklist08UsedIn": null,
        "extendedItemPicklist09Id": null,
        "extendedItemPicklist09Info": null,
        "extendedItemPicklist09RequiredFor": null,
        "extendedItemPicklist09UsedIn": null,
        "extendedItemPicklist10Id": null,
        "extendedItemPicklist10Info": null,
        "extendedItemPicklist10RequiredFor": null,
        "extendedItemPicklist10UsedIn": null,
        "extendedItemText01Id": null,
        "extendedItemText01Info": null,
        "extendedItemText01RequiredFor": null,
        "extendedItemText01UsedIn": null,
        "extendedItemText02Id": null,
        "extendedItemText02Info": null,
        "extendedItemText02RequiredFor": null,
        "extendedItemText02UsedIn": null,
        "extendedItemText03Id": null,
        "extendedItemText03Info": null,
        "extendedItemText03RequiredFor": null,
        "extendedItemText03UsedIn": null,
        "extendedItemText04Id": null,
        "extendedItemText04Info": null,
        "extendedItemText04RequiredFor": null,
        "extendedItemText04UsedIn": null,
        "extendedItemText05Id": null,
        "extendedItemText05Info": null,
        "extendedItemText05RequiredFor": null,
        "extendedItemText05UsedIn": null,
        "extendedItemText06Id": null,
        "extendedItemText06Info": null,
        "extendedItemText06RequiredFor": null,
        "extendedItemText06UsedIn": null,
        "extendedItemText07Id": null,
        "extendedItemText07Info": null,
        "extendedItemText07RequiredFor": null,
        "extendedItemText07UsedIn": null,
        "extendedItemText08Id": null,
        "extendedItemText08Info": null,
        "extendedItemText08RequiredFor": null,
        "extendedItemText08UsedIn": null,
        "extendedItemText09Id": null,
        "extendedItemText09Info": null,
        "extendedItemText09RequiredFor": null,
        "extendedItemText09UsedIn": null,
        "extendedItemText10Id": null,
        "extendedItemText10Info": null,
        "extendedItemText10RequiredFor": null,
        "extendedItemText10UsedIn": null,
        "fileAttachment": "Optional",
        "fixedAllowanceOptionList": Array [],
        "fixedAllowanceSingleAmount": null,
        "fixedForeignCurrencyId": null,
        "foreignCurrencyUsage": "NOT_USED",
        "hierarchyParentNameList": Array [
          "Receipt Optional",
        ],
        "id": "a1B2v00000BdIThEAN",
        "isFavorite": true,
        "name": "LC : HotelFee : Optional",
        "name_L0": "LC : HotelFee : Optional",
        "name_L1": null,
        "name_L2": null,
        "order": 1,
        "parentGroup": Object {
          "name": "Receipt Optional",
        },
        "parentGroupCode": "RECEIPT_OPTIONAL",
        "parentGroupId": "a1A2v000007oiFdEAI",
        "recordType": "HotelFee",
        "taxType1": Object {
          "name": null,
        },
        "taxType1Id": null,
        "taxType2": Object {
          "name": null,
        },
        "taxType2Id": null,
        "taxType3": Object {
          "name": null,
        },
        "taxType3Id": null,
        "usage": null,
        "useForeignCurrency": false,
        "validDateFrom": "2018-06-19",
        "validDateTo": "2100-01-01",
      },
    ],
    "type": "MODULES/ENTITIES/EXP/EXPENSES_TYPE/GET_SUCCESS",
  },
  Object {
    "payload": Array [
      Object {
        "attrText01": null,
        "attrText02": null,
        "attrText03": null,
        "attrText04": null,
        "attrText05": null,
        "code": "234513451",
        "companyId": "a0N2v00000VuxjtEAB",
        "debitAccountCode": null,
        "debitAccountName": null,
        "debitSubAccountCode": null,
        "debitSubAccountName": null,
        "description": null,
        "description_L0": null,
        "description_L1": null,
        "description_L2": null,
        "expTypeChildIds": Array [],
        "extendedItemDate01Id": null,
        "extendedItemDate01Info": null,
        "extendedItemDate01RequiredFor": null,
        "extendedItemDate01UsedIn": null,
        "extendedItemDate02Id": null,
        "extendedItemDate02Info": null,
        "extendedItemDate02RequiredFor": null,
        "extendedItemDate02UsedIn": null,
        "extendedItemDate03Id": null,
        "extendedItemDate03Info": null,
        "extendedItemDate03RequiredFor": null,
        "extendedItemDate03UsedIn": null,
        "extendedItemDate04Id": null,
        "extendedItemDate04Info": null,
        "extendedItemDate04RequiredFor": null,
        "extendedItemDate04UsedIn": null,
        "extendedItemDate05Id": null,
        "extendedItemDate05Info": null,
        "extendedItemDate05RequiredFor": null,
        "extendedItemDate05UsedIn": null,
        "extendedItemDate06Id": null,
        "extendedItemDate06Info": null,
        "extendedItemDate06RequiredFor": null,
        "extendedItemDate06UsedIn": null,
        "extendedItemDate07Id": null,
        "extendedItemDate07Info": null,
        "extendedItemDate07RequiredFor": null,
        "extendedItemDate07UsedIn": null,
        "extendedItemDate08Id": null,
        "extendedItemDate08Info": null,
        "extendedItemDate08RequiredFor": null,
        "extendedItemDate08UsedIn": null,
        "extendedItemDate09Id": null,
        "extendedItemDate09Info": null,
        "extendedItemDate09RequiredFor": null,
        "extendedItemDate09UsedIn": null,
        "extendedItemDate10Id": null,
        "extendedItemDate10Info": null,
        "extendedItemDate10RequiredFor": null,
        "extendedItemDate10UsedIn": null,
        "extendedItemLookup01Id": null,
        "extendedItemLookup01Info": null,
        "extendedItemLookup01RequiredFor": null,
        "extendedItemLookup01UsedIn": null,
        "extendedItemLookup02Id": null,
        "extendedItemLookup02Info": null,
        "extendedItemLookup02RequiredFor": null,
        "extendedItemLookup02UsedIn": null,
        "extendedItemLookup03Id": null,
        "extendedItemLookup03Info": null,
        "extendedItemLookup03RequiredFor": null,
        "extendedItemLookup03UsedIn": null,
        "extendedItemLookup04Id": null,
        "extendedItemLookup04Info": null,
        "extendedItemLookup04RequiredFor": null,
        "extendedItemLookup04UsedIn": null,
        "extendedItemLookup05Id": null,
        "extendedItemLookup05Info": null,
        "extendedItemLookup05RequiredFor": null,
        "extendedItemLookup05UsedIn": null,
        "extendedItemLookup06Id": null,
        "extendedItemLookup06Info": null,
        "extendedItemLookup06RequiredFor": null,
        "extendedItemLookup06UsedIn": null,
        "extendedItemLookup07Id": null,
        "extendedItemLookup07Info": null,
        "extendedItemLookup07RequiredFor": null,
        "extendedItemLookup07UsedIn": null,
        "extendedItemLookup08Id": null,
        "extendedItemLookup08Info": null,
        "extendedItemLookup08RequiredFor": null,
        "extendedItemLookup08UsedIn": null,
        "extendedItemLookup09Id": null,
        "extendedItemLookup09Info": null,
        "extendedItemLookup09RequiredFor": null,
        "extendedItemLookup09UsedIn": null,
        "extendedItemLookup10Id": null,
        "extendedItemLookup10Info": null,
        "extendedItemLookup10RequiredFor": null,
        "extendedItemLookup10UsedIn": null,
        "extendedItemPicklist01Id": null,
        "extendedItemPicklist01Info": null,
        "extendedItemPicklist01RequiredFor": null,
        "extendedItemPicklist01UsedIn": null,
        "extendedItemPicklist02Id": null,
        "extendedItemPicklist02Info": null,
        "extendedItemPicklist02RequiredFor": null,
        "extendedItemPicklist02UsedIn": null,
        "extendedItemPicklist03Id": null,
        "extendedItemPicklist03Info": null,
        "extendedItemPicklist03RequiredFor": null,
        "extendedItemPicklist03UsedIn": null,
        "extendedItemPicklist04Id": null,
        "extendedItemPicklist04Info": null,
        "extendedItemPicklist04RequiredFor": null,
        "extendedItemPicklist04UsedIn": null,
        "extendedItemPicklist05Id": null,
        "extendedItemPicklist05Info": null,
        "extendedItemPicklist05RequiredFor": null,
        "extendedItemPicklist05UsedIn": null,
        "extendedItemPicklist06Id": null,
        "extendedItemPicklist06Info": null,
        "extendedItemPicklist06RequiredFor": null,
        "extendedItemPicklist06UsedIn": null,
        "extendedItemPicklist07Id": null,
        "extendedItemPicklist07Info": null,
        "extendedItemPicklist07RequiredFor": null,
        "extendedItemPicklist07UsedIn": null,
        "extendedItemPicklist08Id": null,
        "extendedItemPicklist08Info": null,
        "extendedItemPicklist08RequiredFor": null,
        "extendedItemPicklist08UsedIn": null,
        "extendedItemPicklist09Id": null,
        "extendedItemPicklist09Info": null,
        "extendedItemPicklist09RequiredFor": null,
        "extendedItemPicklist09UsedIn": null,
        "extendedItemPicklist10Id": null,
        "extendedItemPicklist10Info": null,
        "extendedItemPicklist10RequiredFor": null,
        "extendedItemPicklist10UsedIn": null,
        "extendedItemText01Id": null,
        "extendedItemText01Info": null,
        "extendedItemText01RequiredFor": null,
        "extendedItemText01UsedIn": null,
        "extendedItemText02Id": null,
        "extendedItemText02Info": null,
        "extendedItemText02RequiredFor": null,
        "extendedItemText02UsedIn": null,
        "extendedItemText03Id": null,
        "extendedItemText03Info": null,
        "extendedItemText03RequiredFor": null,
        "extendedItemText03UsedIn": null,
        "extendedItemText04Id": null,
        "extendedItemText04Info": null,
        "extendedItemText04RequiredFor": null,
        "extendedItemText04UsedIn": null,
        "extendedItemText05Id": null,
        "extendedItemText05Info": null,
        "extendedItemText05RequiredFor": null,
        "extendedItemText05UsedIn": null,
        "extendedItemText06Id": null,
        "extendedItemText06Info": null,
        "extendedItemText06RequiredFor": null,
        "extendedItemText06UsedIn": null,
        "extendedItemText07Id": null,
        "extendedItemText07Info": null,
        "extendedItemText07RequiredFor": null,
        "extendedItemText07UsedIn": null,
        "extendedItemText08Id": null,
        "extendedItemText08Info": null,
        "extendedItemText08RequiredFor": null,
        "extendedItemText08UsedIn": null,
        "extendedItemText09Id": null,
        "extendedItemText09Info": null,
        "extendedItemText09RequiredFor": null,
        "extendedItemText09UsedIn": null,
        "extendedItemText10Id": null,
        "extendedItemText10Info": null,
        "extendedItemText10RequiredFor": null,
        "extendedItemText10UsedIn": null,
        "fileAttachment": "NotUsed",
        "fixedAllowanceOptionList": Array [],
        "fixedAllowanceSingleAmount": null,
        "fixedForeignCurrencyId": null,
        "foreignCurrencyUsage": "NOT_USED",
        "hierarchyParentNameList": Array [],
        "id": "a1B2v00000HDF14EAH",
        "isFavorite": true,
        "name": "IC with EI",
        "name_L0": "IC with EI",
        "name_L1": null,
        "name_L2": null,
        "order": null,
        "parentGroup": Object {
          "name": null,
        },
        "parentGroupCode": null,
        "parentGroupId": null,
        "recordType": "TransportICCardJP",
        "taxType1": Object {
          "name": null,
        },
        "taxType1Id": null,
        "taxType2": Object {
          "name": null,
        },
        "taxType2Id": null,
        "taxType3": Object {
          "name": null,
        },
        "taxType3Id": null,
        "usage": null,
        "useForeignCurrency": false,
        "validDateFrom": "2019-09-01",
        "validDateTo": "2101-01-01",
      },
      Object {
        "attrText01": null,
        "attrText02": null,
        "attrText03": null,
        "attrText04": null,
        "attrText05": null,
        "code": "392432",
        "companyId": "a0N2v00000VuxjtEAB",
        "debitAccountCode": null,
        "debitAccountName": null,
        "debitSubAccountCode": null,
        "debitSubAccountName": null,
        "description": null,
        "description_L0": null,
        "description_L1": null,
        "description_L2": null,
        "expTypeChildIds": Array [],
        "extendedItemDate01Id": null,
        "extendedItemDate01Info": null,
        "extendedItemDate01RequiredFor": null,
        "extendedItemDate01UsedIn": null,
        "extendedItemDate02Id": null,
        "extendedItemDate02Info": null,
        "extendedItemDate02RequiredFor": null,
        "extendedItemDate02UsedIn": null,
        "extendedItemDate03Id": null,
        "extendedItemDate03Info": null,
        "extendedItemDate03RequiredFor": null,
        "extendedItemDate03UsedIn": null,
        "extendedItemDate04Id": null,
        "extendedItemDate04Info": null,
        "extendedItemDate04RequiredFor": null,
        "extendedItemDate04UsedIn": null,
        "extendedItemDate05Id": null,
        "extendedItemDate05Info": null,
        "extendedItemDate05RequiredFor": null,
        "extendedItemDate05UsedIn": null,
        "extendedItemDate06Id": null,
        "extendedItemDate06Info": null,
        "extendedItemDate06RequiredFor": null,
        "extendedItemDate06UsedIn": null,
        "extendedItemDate07Id": null,
        "extendedItemDate07Info": null,
        "extendedItemDate07RequiredFor": null,
        "extendedItemDate07UsedIn": null,
        "extendedItemDate08Id": null,
        "extendedItemDate08Info": null,
        "extendedItemDate08RequiredFor": null,
        "extendedItemDate08UsedIn": null,
        "extendedItemDate09Id": null,
        "extendedItemDate09Info": null,
        "extendedItemDate09RequiredFor": null,
        "extendedItemDate09UsedIn": null,
        "extendedItemDate10Id": null,
        "extendedItemDate10Info": null,
        "extendedItemDate10RequiredFor": null,
        "extendedItemDate10UsedIn": null,
        "extendedItemLookup01Id": null,
        "extendedItemLookup01Info": null,
        "extendedItemLookup01RequiredFor": null,
        "extendedItemLookup01UsedIn": null,
        "extendedItemLookup02Id": null,
        "extendedItemLookup02Info": null,
        "extendedItemLookup02RequiredFor": null,
        "extendedItemLookup02UsedIn": null,
        "extendedItemLookup03Id": null,
        "extendedItemLookup03Info": null,
        "extendedItemLookup03RequiredFor": null,
        "extendedItemLookup03UsedIn": null,
        "extendedItemLookup04Id": null,
        "extendedItemLookup04Info": null,
        "extendedItemLookup04RequiredFor": null,
        "extendedItemLookup04UsedIn": null,
        "extendedItemLookup05Id": null,
        "extendedItemLookup05Info": null,
        "extendedItemLookup05RequiredFor": null,
        "extendedItemLookup05UsedIn": null,
        "extendedItemLookup06Id": null,
        "extendedItemLookup06Info": null,
        "extendedItemLookup06RequiredFor": null,
        "extendedItemLookup06UsedIn": null,
        "extendedItemLookup07Id": null,
        "extendedItemLookup07Info": null,
        "extendedItemLookup07RequiredFor": null,
        "extendedItemLookup07UsedIn": null,
        "extendedItemLookup08Id": null,
        "extendedItemLookup08Info": null,
        "extendedItemLookup08RequiredFor": null,
        "extendedItemLookup08UsedIn": null,
        "extendedItemLookup09Id": null,
        "extendedItemLookup09Info": null,
        "extendedItemLookup09RequiredFor": null,
        "extendedItemLookup09UsedIn": null,
        "extendedItemLookup10Id": null,
        "extendedItemLookup10Info": null,
        "extendedItemLookup10RequiredFor": null,
        "extendedItemLookup10UsedIn": null,
        "extendedItemPicklist01Id": null,
        "extendedItemPicklist01Info": null,
        "extendedItemPicklist01RequiredFor": null,
        "extendedItemPicklist01UsedIn": null,
        "extendedItemPicklist02Id": null,
        "extendedItemPicklist02Info": null,
        "extendedItemPicklist02RequiredFor": null,
        "extendedItemPicklist02UsedIn": null,
        "extendedItemPicklist03Id": null,
        "extendedItemPicklist03Info": null,
        "extendedItemPicklist03RequiredFor": null,
        "extendedItemPicklist03UsedIn": null,
        "extendedItemPicklist04Id": null,
        "extendedItemPicklist04Info": null,
        "extendedItemPicklist04RequiredFor": null,
        "extendedItemPicklist04UsedIn": null,
        "extendedItemPicklist05Id": null,
        "extendedItemPicklist05Info": null,
        "extendedItemPicklist05RequiredFor": null,
        "extendedItemPicklist05UsedIn": null,
        "extendedItemPicklist06Id": null,
        "extendedItemPicklist06Info": null,
        "extendedItemPicklist06RequiredFor": null,
        "extendedItemPicklist06UsedIn": null,
        "extendedItemPicklist07Id": null,
        "extendedItemPicklist07Info": null,
        "extendedItemPicklist07RequiredFor": null,
        "extendedItemPicklist07UsedIn": null,
        "extendedItemPicklist08Id": null,
        "extendedItemPicklist08Info": null,
        "extendedItemPicklist08RequiredFor": null,
        "extendedItemPicklist08UsedIn": null,
        "extendedItemPicklist09Id": null,
        "extendedItemPicklist09Info": null,
        "extendedItemPicklist09RequiredFor": null,
        "extendedItemPicklist09UsedIn": null,
        "extendedItemPicklist10Id": null,
        "extendedItemPicklist10Info": null,
        "extendedItemPicklist10RequiredFor": null,
        "extendedItemPicklist10UsedIn": null,
        "extendedItemText01Id": null,
        "extendedItemText01Info": null,
        "extendedItemText01RequiredFor": null,
        "extendedItemText01UsedIn": null,
        "extendedItemText02Id": null,
        "extendedItemText02Info": null,
        "extendedItemText02RequiredFor": null,
        "extendedItemText02UsedIn": null,
        "extendedItemText03Id": null,
        "extendedItemText03Info": null,
        "extendedItemText03RequiredFor": null,
        "extendedItemText03UsedIn": null,
        "extendedItemText04Id": null,
        "extendedItemText04Info": null,
        "extendedItemText04RequiredFor": null,
        "extendedItemText04UsedIn": null,
        "extendedItemText05Id": null,
        "extendedItemText05Info": null,
        "extendedItemText05RequiredFor": null,
        "extendedItemText05UsedIn": null,
        "extendedItemText06Id": null,
        "extendedItemText06Info": null,
        "extendedItemText06RequiredFor": null,
        "extendedItemText06UsedIn": null,
        "extendedItemText07Id": null,
        "extendedItemText07Info": null,
        "extendedItemText07RequiredFor": null,
        "extendedItemText07UsedIn": null,
        "extendedItemText08Id": null,
        "extendedItemText08Info": null,
        "extendedItemText08RequiredFor": null,
        "extendedItemText08UsedIn": null,
        "extendedItemText09Id": null,
        "extendedItemText09Info": null,
        "extendedItemText09RequiredFor": null,
        "extendedItemText09UsedIn": null,
        "extendedItemText10Id": null,
        "extendedItemText10Info": null,
        "extendedItemText10RequiredFor": null,
        "extendedItemText10UsedIn": null,
        "fileAttachment": "Optional",
        "fixedAllowanceOptionList": Array [],
        "fixedAllowanceSingleAmount": null,
        "fixedForeignCurrencyId": null,
        "foreignCurrencyUsage": "NOT_USED",
        "hierarchyParentNameList": Array [],
        "id": "a1B2v00000HCLD8EAP",
        "isFavorite": true,
        "name": "I'm Mileage XD",
        "name_L0": "I'm Mileage XD",
        "name_L1": null,
        "name_L2": null,
        "order": null,
        "parentGroup": Object {
          "name": null,
        },
        "parentGroupCode": null,
        "parentGroupId": null,
        "recordType": "General",
        "taxType1": Object {
          "name": null,
        },
        "taxType1Id": null,
        "taxType2": Object {
          "name": null,
        },
        "taxType2Id": null,
        "taxType3": Object {
          "name": null,
        },
        "taxType3Id": null,
        "usage": null,
        "useForeignCurrency": false,
        "validDateFrom": "2019-06-01",
        "validDateTo": "2021-09-01",
      },
      Object {
        "attrText01": null,
        "attrText02": null,
        "attrText03": null,
        "attrText04": null,
        "attrText05": null,
        "code": "ASDFASF11",
        "companyId": "a0N2v00000VuxjtEAB",
        "debitAccountCode": null,
        "debitAccountName": null,
        "debitSubAccountCode": null,
        "debitSubAccountName": null,
        "description": null,
        "description_L0": null,
        "description_L1": null,
        "description_L2": null,
        "expTypeChildIds": Array [],
        "extendedItemDate01Id": null,
        "extendedItemDate01Info": null,
        "extendedItemDate01RequiredFor": null,
        "extendedItemDate01UsedIn": null,
        "extendedItemDate02Id": null,
        "extendedItemDate02Info": null,
        "extendedItemDate02RequiredFor": null,
        "extendedItemDate02UsedIn": null,
        "extendedItemDate03Id": null,
        "extendedItemDate03Info": null,
        "extendedItemDate03RequiredFor": null,
        "extendedItemDate03UsedIn": null,
        "extendedItemDate04Id": null,
        "extendedItemDate04Info": null,
        "extendedItemDate04RequiredFor": null,
        "extendedItemDate04UsedIn": null,
        "extendedItemDate05Id": null,
        "extendedItemDate05Info": null,
        "extendedItemDate05RequiredFor": null,
        "extendedItemDate05UsedIn": null,
        "extendedItemDate06Id": null,
        "extendedItemDate06Info": null,
        "extendedItemDate06RequiredFor": null,
        "extendedItemDate06UsedIn": null,
        "extendedItemDate07Id": null,
        "extendedItemDate07Info": null,
        "extendedItemDate07RequiredFor": null,
        "extendedItemDate07UsedIn": null,
        "extendedItemDate08Id": null,
        "extendedItemDate08Info": null,
        "extendedItemDate08RequiredFor": null,
        "extendedItemDate08UsedIn": null,
        "extendedItemDate09Id": null,
        "extendedItemDate09Info": null,
        "extendedItemDate09RequiredFor": null,
        "extendedItemDate09UsedIn": null,
        "extendedItemDate10Id": null,
        "extendedItemDate10Info": null,
        "extendedItemDate10RequiredFor": null,
        "extendedItemDate10UsedIn": null,
        "extendedItemLookup01Id": null,
        "extendedItemLookup01Info": null,
        "extendedItemLookup01RequiredFor": null,
        "extendedItemLookup01UsedIn": null,
        "extendedItemLookup02Id": null,
        "extendedItemLookup02Info": null,
        "extendedItemLookup02RequiredFor": null,
        "extendedItemLookup02UsedIn": null,
        "extendedItemLookup03Id": null,
        "extendedItemLookup03Info": null,
        "extendedItemLookup03RequiredFor": null,
        "extendedItemLookup03UsedIn": null,
        "extendedItemLookup04Id": null,
        "extendedItemLookup04Info": null,
        "extendedItemLookup04RequiredFor": null,
        "extendedItemLookup04UsedIn": null,
        "extendedItemLookup05Id": null,
        "extendedItemLookup05Info": null,
        "extendedItemLookup05RequiredFor": null,
        "extendedItemLookup05UsedIn": null,
        "extendedItemLookup06Id": null,
        "extendedItemLookup06Info": null,
        "extendedItemLookup06RequiredFor": null,
        "extendedItemLookup06UsedIn": null,
        "extendedItemLookup07Id": null,
        "extendedItemLookup07Info": null,
        "extendedItemLookup07RequiredFor": null,
        "extendedItemLookup07UsedIn": null,
        "extendedItemLookup08Id": null,
        "extendedItemLookup08Info": null,
        "extendedItemLookup08RequiredFor": null,
        "extendedItemLookup08UsedIn": null,
        "extendedItemLookup09Id": null,
        "extendedItemLookup09Info": null,
        "extendedItemLookup09RequiredFor": null,
        "extendedItemLookup09UsedIn": null,
        "extendedItemLookup10Id": null,
        "extendedItemLookup10Info": null,
        "extendedItemLookup10RequiredFor": null,
        "extendedItemLookup10UsedIn": null,
        "extendedItemPicklist01Id": null,
        "extendedItemPicklist01Info": null,
        "extendedItemPicklist01RequiredFor": null,
        "extendedItemPicklist01UsedIn": null,
        "extendedItemPicklist02Id": null,
        "extendedItemPicklist02Info": null,
        "extendedItemPicklist02RequiredFor": null,
        "extendedItemPicklist02UsedIn": null,
        "extendedItemPicklist03Id": null,
        "extendedItemPicklist03Info": null,
        "extendedItemPicklist03RequiredFor": null,
        "extendedItemPicklist03UsedIn": null,
        "extendedItemPicklist04Id": null,
        "extendedItemPicklist04Info": null,
        "extendedItemPicklist04RequiredFor": null,
        "extendedItemPicklist04UsedIn": null,
        "extendedItemPicklist05Id": null,
        "extendedItemPicklist05Info": null,
        "extendedItemPicklist05RequiredFor": null,
        "extendedItemPicklist05UsedIn": null,
        "extendedItemPicklist06Id": null,
        "extendedItemPicklist06Info": null,
        "extendedItemPicklist06RequiredFor": null,
        "extendedItemPicklist06UsedIn": null,
        "extendedItemPicklist07Id": null,
        "extendedItemPicklist07Info": null,
        "extendedItemPicklist07RequiredFor": null,
        "extendedItemPicklist07UsedIn": null,
        "extendedItemPicklist08Id": null,
        "extendedItemPicklist08Info": null,
        "extendedItemPicklist08RequiredFor": null,
        "extendedItemPicklist08UsedIn": null,
        "extendedItemPicklist09Id": null,
        "extendedItemPicklist09Info": null,
        "extendedItemPicklist09RequiredFor": null,
        "extendedItemPicklist09UsedIn": null,
        "extendedItemPicklist10Id": null,
        "extendedItemPicklist10Info": null,
        "extendedItemPicklist10RequiredFor": null,
        "extendedItemPicklist10UsedIn": null,
        "extendedItemText01Id": null,
        "extendedItemText01Info": null,
        "extendedItemText01RequiredFor": null,
        "extendedItemText01UsedIn": null,
        "extendedItemText02Id": null,
        "extendedItemText02Info": null,
        "extendedItemText02RequiredFor": null,
        "extendedItemText02UsedIn": null,
        "extendedItemText03Id": null,
        "extendedItemText03Info": null,
        "extendedItemText03RequiredFor": null,
        "extendedItemText03UsedIn": null,
        "extendedItemText04Id": null,
        "extendedItemText04Info": null,
        "extendedItemText04RequiredFor": null,
        "extendedItemText04UsedIn": null,
        "extendedItemText05Id": null,
        "extendedItemText05Info": null,
        "extendedItemText05RequiredFor": null,
        "extendedItemText05UsedIn": null,
        "extendedItemText06Id": null,
        "extendedItemText06Info": null,
        "extendedItemText06RequiredFor": null,
        "extendedItemText06UsedIn": null,
        "extendedItemText07Id": null,
        "extendedItemText07Info": null,
        "extendedItemText07RequiredFor": null,
        "extendedItemText07UsedIn": null,
        "extendedItemText08Id": null,
        "extendedItemText08Info": null,
        "extendedItemText08RequiredFor": null,
        "extendedItemText08UsedIn": null,
        "extendedItemText09Id": null,
        "extendedItemText09Info": null,
        "extendedItemText09RequiredFor": null,
        "extendedItemText09UsedIn": null,
        "extendedItemText10Id": null,
        "extendedItemText10Info": null,
        "extendedItemText10RequiredFor": null,
        "extendedItemText10UsedIn": null,
        "fileAttachment": "NotUsed",
        "fixedAllowanceOptionList": Array [],
        "fixedAllowanceSingleAmount": null,
        "fixedForeignCurrencyId": null,
        "foreignCurrencyUsage": "NOT_USED",
        "hierarchyParentNameList": Array [],
        "id": "a1B2v00000HDD96EAH",
        "isFavorite": true,
        "name": "ic 1126",
        "name_L0": "ic 1126",
        "name_L1": null,
        "name_L2": null,
        "order": null,
        "parentGroup": Object {
          "name": null,
        },
        "parentGroupCode": null,
        "parentGroupId": null,
        "recordType": "TransportICCardJP",
        "taxType1": Object {
          "name": null,
        },
        "taxType1Id": null,
        "taxType2": Object {
          "name": null,
        },
        "taxType2Id": null,
        "taxType3": Object {
          "name": null,
        },
        "taxType3Id": null,
        "usage": null,
        "useForeignCurrency": false,
        "validDateFrom": "2019-08-01",
        "validDateTo": "2101-01-01",
      },
      Object {
        "attrText01": null,
        "attrText02": null,
        "attrText03": null,
        "attrText04": null,
        "attrText05": null,
        "code": "LC_HOTELFEE_OPTIONAL",
        "companyId": "a0N2v00000VuxjtEAB",
        "debitAccountCode": null,
        "debitAccountName": null,
        "debitSubAccountCode": null,
        "debitSubAccountName": null,
        "description": null,
        "description_L0": null,
        "description_L1": null,
        "description_L2": null,
        "expTypeChildIds": Array [],
        "extendedItemDate01Id": null,
        "extendedItemDate01Info": null,
        "extendedItemDate01RequiredFor": null,
        "extendedItemDate01UsedIn": null,
        "extendedItemDate02Id": null,
        "extendedItemDate02Info": null,
        "extendedItemDate02RequiredFor": null,
        "extendedItemDate02UsedIn": null,
        "extendedItemDate03Id": null,
        "extendedItemDate03Info": null,
        "extendedItemDate03RequiredFor": null,
        "extendedItemDate03UsedIn": null,
        "extendedItemDate04Id": null,
        "extendedItemDate04Info": null,
        "extendedItemDate04RequiredFor": null,
        "extendedItemDate04UsedIn": null,
        "extendedItemDate05Id": null,
        "extendedItemDate05Info": null,
        "extendedItemDate05RequiredFor": null,
        "extendedItemDate05UsedIn": null,
        "extendedItemDate06Id": null,
        "extendedItemDate06Info": null,
        "extendedItemDate06RequiredFor": null,
        "extendedItemDate06UsedIn": null,
        "extendedItemDate07Id": null,
        "extendedItemDate07Info": null,
        "extendedItemDate07RequiredFor": null,
        "extendedItemDate07UsedIn": null,
        "extendedItemDate08Id": null,
        "extendedItemDate08Info": null,
        "extendedItemDate08RequiredFor": null,
        "extendedItemDate08UsedIn": null,
        "extendedItemDate09Id": null,
        "extendedItemDate09Info": null,
        "extendedItemDate09RequiredFor": null,
        "extendedItemDate09UsedIn": null,
        "extendedItemDate10Id": null,
        "extendedItemDate10Info": null,
        "extendedItemDate10RequiredFor": null,
        "extendedItemDate10UsedIn": null,
        "extendedItemLookup01Id": null,
        "extendedItemLookup01Info": null,
        "extendedItemLookup01RequiredFor": null,
        "extendedItemLookup01UsedIn": null,
        "extendedItemLookup02Id": null,
        "extendedItemLookup02Info": null,
        "extendedItemLookup02RequiredFor": null,
        "extendedItemLookup02UsedIn": null,
        "extendedItemLookup03Id": null,
        "extendedItemLookup03Info": null,
        "extendedItemLookup03RequiredFor": null,
        "extendedItemLookup03UsedIn": null,
        "extendedItemLookup04Id": null,
        "extendedItemLookup04Info": null,
        "extendedItemLookup04RequiredFor": null,
        "extendedItemLookup04UsedIn": null,
        "extendedItemLookup05Id": null,
        "extendedItemLookup05Info": null,
        "extendedItemLookup05RequiredFor": null,
        "extendedItemLookup05UsedIn": null,
        "extendedItemLookup06Id": null,
        "extendedItemLookup06Info": null,
        "extendedItemLookup06RequiredFor": null,
        "extendedItemLookup06UsedIn": null,
        "extendedItemLookup07Id": null,
        "extendedItemLookup07Info": null,
        "extendedItemLookup07RequiredFor": null,
        "extendedItemLookup07UsedIn": null,
        "extendedItemLookup08Id": null,
        "extendedItemLookup08Info": null,
        "extendedItemLookup08RequiredFor": null,
        "extendedItemLookup08UsedIn": null,
        "extendedItemLookup09Id": null,
        "extendedItemLookup09Info": null,
        "extendedItemLookup09RequiredFor": null,
        "extendedItemLookup09UsedIn": null,
        "extendedItemLookup10Id": null,
        "extendedItemLookup10Info": null,
        "extendedItemLookup10RequiredFor": null,
        "extendedItemLookup10UsedIn": null,
        "extendedItemPicklist01Id": null,
        "extendedItemPicklist01Info": null,
        "extendedItemPicklist01RequiredFor": null,
        "extendedItemPicklist01UsedIn": null,
        "extendedItemPicklist02Id": null,
        "extendedItemPicklist02Info": null,
        "extendedItemPicklist02RequiredFor": null,
        "extendedItemPicklist02UsedIn": null,
        "extendedItemPicklist03Id": null,
        "extendedItemPicklist03Info": null,
        "extendedItemPicklist03RequiredFor": null,
        "extendedItemPicklist03UsedIn": null,
        "extendedItemPicklist04Id": null,
        "extendedItemPicklist04Info": null,
        "extendedItemPicklist04RequiredFor": null,
        "extendedItemPicklist04UsedIn": null,
        "extendedItemPicklist05Id": null,
        "extendedItemPicklist05Info": null,
        "extendedItemPicklist05RequiredFor": null,
        "extendedItemPicklist05UsedIn": null,
        "extendedItemPicklist06Id": null,
        "extendedItemPicklist06Info": null,
        "extendedItemPicklist06RequiredFor": null,
        "extendedItemPicklist06UsedIn": null,
        "extendedItemPicklist07Id": null,
        "extendedItemPicklist07Info": null,
        "extendedItemPicklist07RequiredFor": null,
        "extendedItemPicklist07UsedIn": null,
        "extendedItemPicklist08Id": null,
        "extendedItemPicklist08Info": null,
        "extendedItemPicklist08RequiredFor": null,
        "extendedItemPicklist08UsedIn": null,
        "extendedItemPicklist09Id": null,
        "extendedItemPicklist09Info": null,
        "extendedItemPicklist09RequiredFor": null,
        "extendedItemPicklist09UsedIn": null,
        "extendedItemPicklist10Id": null,
        "extendedItemPicklist10Info": null,
        "extendedItemPicklist10RequiredFor": null,
        "extendedItemPicklist10UsedIn": null,
        "extendedItemText01Id": null,
        "extendedItemText01Info": null,
        "extendedItemText01RequiredFor": null,
        "extendedItemText01UsedIn": null,
        "extendedItemText02Id": null,
        "extendedItemText02Info": null,
        "extendedItemText02RequiredFor": null,
        "extendedItemText02UsedIn": null,
        "extendedItemText03Id": null,
        "extendedItemText03Info": null,
        "extendedItemText03RequiredFor": null,
        "extendedItemText03UsedIn": null,
        "extendedItemText04Id": null,
        "extendedItemText04Info": null,
        "extendedItemText04RequiredFor": null,
        "extendedItemText04UsedIn": null,
        "extendedItemText05Id": null,
        "extendedItemText05Info": null,
        "extendedItemText05RequiredFor": null,
        "extendedItemText05UsedIn": null,
        "extendedItemText06Id": null,
        "extendedItemText06Info": null,
        "extendedItemText06RequiredFor": null,
        "extendedItemText06UsedIn": null,
        "extendedItemText07Id": null,
        "extendedItemText07Info": null,
        "extendedItemText07RequiredFor": null,
        "extendedItemText07UsedIn": null,
        "extendedItemText08Id": null,
        "extendedItemText08Info": null,
        "extendedItemText08RequiredFor": null,
        "extendedItemText08UsedIn": null,
        "extendedItemText09Id": null,
        "extendedItemText09Info": null,
        "extendedItemText09RequiredFor": null,
        "extendedItemText09UsedIn": null,
        "extendedItemText10Id": null,
        "extendedItemText10Info": null,
        "extendedItemText10RequiredFor": null,
        "extendedItemText10UsedIn": null,
        "fileAttachment": "Optional",
        "fixedAllowanceOptionList": Array [],
        "fixedAllowanceSingleAmount": null,
        "fixedForeignCurrencyId": null,
        "foreignCurrencyUsage": "NOT_USED",
        "hierarchyParentNameList": Array [
          "Receipt Optional",
        ],
        "id": "a1B2v00000BdIThEAN",
        "isFavorite": true,
        "name": "LC : HotelFee : Optional",
        "name_L0": "LC : HotelFee : Optional",
        "name_L1": null,
        "name_L2": null,
        "order": 1,
        "parentGroup": Object {
          "name": "Receipt Optional",
        },
        "parentGroupCode": "RECEIPT_OPTIONAL",
        "parentGroupId": "a1A2v000007oiFdEAI",
        "recordType": "HotelFee",
        "taxType1": Object {
          "name": null,
        },
        "taxType1Id": null,
        "taxType2": Object {
          "name": null,
        },
        "taxType2Id": null,
        "taxType3": Object {
          "name": null,
        },
        "taxType3Id": null,
        "usage": null,
        "useForeignCurrency": false,
        "validDateFrom": "2018-06-19",
        "validDateTo": "2100-01-01",
      },
    ],
    "type": "MODULES/REQUESTS/DIALOG/EXPENSE_TYPE_SELECT/LIST/SET_RECENT",
  },
  Object {
    "payload": false,
    "type": "MODULES/EXPENSES/DIALOG/IS_LOADING/TOGGLE",
  },
]
`;

exports[`Dialog openJobDialog() open job dialog success 1`] = `
Array [
  Object {
    "payload": true,
    "type": "MODULES/EXPENSES/DIALOG/IS_LOADING/TOGGLE",
  },
  Object {
    "payload": "JOB",
    "type": "MODULES/DIALOG/ACTIVE_DIALOG/JOB",
  },
  Object {
    "payload": Array [
      Object {
        "code": "EXPENSE_JOB",
        "companyId": "a0N2v00000VuxjtEAB",
        "department": Object {
          "code": null,
          "name": null,
        },
        "departmentId": null,
        "hasChildren": false,
        "hierarchyParentNameList": Array [
          "General Job",
        ],
        "id": "a0i2v00000SSzkmAAD",
        "isDirectCharged": true,
        "isScopedAssignment": false,
        "isSelectableExpense": true,
        "isSelectableTimeTrack": false,
        "jobOwner": Object {
          "code": null,
          "name": null,
        },
        "jobOwnerId": null,
        "jobType": Object {
          "code": "DEF_JOB_TYPE",
          "name": "Default Job type",
        },
        "jobTypeId": "a0h2v00000W4JtpAAF",
        "name": "Expense Job",
        "name_L0": "Expense Job",
        "name_L1": null,
        "name_L2": null,
        "parent": Object {
          "code": "GENERAL_JOB",
          "name": "General Job",
        },
        "parentId": "a0i2v00000SSzknAAD",
        "validDateFrom": "2018-06-19",
        "validDateTo": "2100-01-01",
      },
    ],
    "type": "MODULES/ENTITIES/EXP/JOB/LIST_SUCCESS",
  },
  Object {
    "payload": Array [
      Object {
        "code": "EXPENSE_JOB",
        "companyId": "a0N2v00000VuxjtEAB",
        "department": Object {
          "code": null,
          "name": null,
        },
        "departmentId": null,
        "hasChildren": false,
        "hierarchyParentNameList": Array [
          "General Job",
        ],
        "id": "a0i2v00000SSzkmAAD",
        "isDirectCharged": true,
        "isScopedAssignment": false,
        "isSelectableExpense": true,
        "isSelectableTimeTrack": false,
        "jobOwner": Object {
          "code": null,
          "name": null,
        },
        "jobOwnerId": null,
        "jobType": Object {
          "code": "DEF_JOB_TYPE",
          "name": "Default Job type",
        },
        "jobTypeId": "a0h2v00000W4JtpAAF",
        "name": "Expense Job",
        "name_L0": "Expense Job",
        "name_L1": null,
        "name_L2": null,
        "parent": Object {
          "code": "GENERAL_JOB",
          "name": "General Job",
        },
        "parentId": "a0i2v00000SSzknAAD",
        "validDateFrom": "2018-06-19",
        "validDateTo": "2100-01-01",
      },
    ],
    "type": "MODULES/REQUESTS/DIALOG/JOB_SELECT/LIST/SET_RECENT",
  },
  Object {
    "payload": false,
    "type": "MODULES/EXPENSES/DIALOG/IS_LOADING/TOGGLE",
  },
]
`;

exports[`Dialog openReceiptLibraryDialog() openReceiptLibraryDialog success 1`] = `
Array [
  Object {
    "payload": true,
    "type": "MODULES/EXPENSES/DIALOG/IS_LOADING/TOGGLE",
  },
  Object {
    "payload": 1,
    "type": "MODULES/UI/EXP/RECEIPT_LIBRARY/MAX_SELECTION_COUNT/SET",
  },
  Object {
    "payload": "RECEIPTS",
    "type": "MODULES/DIALOG/ACTIVE_DIALOG/RECEIPTS",
  },
  Object {
    "payload": Object {
      "isNewUpload": false,
      "result": Array [
        Object {
          "contentDocumentId": "0692v000005jGXOAA2",
          "contentVersionId": "0682v000005jNkWAAU",
          "createdDate": "06-08-2019 11:42:57",
          "fileType": "PNG",
          "ocrInfo": null,
          "title": "Receipt_20190806114255_0",
        },
        Object {
          "contentDocumentId": "0692v00000D2rV4AAJ",
          "contentVersionId": "0682v00000DRtQGAA1",
          "createdDate": "23-02-2020 19:15:18",
          "fileType": "PNG",
          "ocrInfo": null,
          "title": "Receipt_image (2)",
        },
      ],
    },
    "type": "MODULES/ENTITIES/EXP/RECEIPT_LIBRARY/LIST",
  },
  Object {
    "payload": false,
    "type": "MODULES/EXPENSES/DIALOG/IS_LOADING/TOGGLE",
  },
]
`;

exports[`Dialog openSwitchEmployeeDialog() Should succesfully open switch employee dialog 1`] = `
Array [
  Object {
    "payload": "SWITCH_EMPLOYEE",
    "type": "MODULES/DIALOG/ACTIVE_DIALOG/SWITCH_EMPLOYEE",
  },
]
`;

exports[`Dialog openVendorLookupDialog() Should succesfully open vendor dialog 1`] = `
Array [
  Object {
    "payload": "REPORT",
    "type": "MODULES/UI/EXPENSES/DIALOG/VENDOR/BACK_TYPE/SET",
  },
  Object {
    "payload": undefined,
    "type": "MODULES/UI/EXPENSES/DIALOG/VENDOR/TYPE/SET",
  },
  Object {
    "type": "MODULES/EXPENSES/DIALOG/VENDOR/LIST/CLEAR",
  },
  Object {
    "payload": true,
    "type": "MODULES/EXPENSES/DIALOG/IS_LOADING/TOGGLE",
  },
  Object {
    "payload": "VENDOR_LOOKUP",
    "type": "MODULES/DIALOG/ACTIVE_DIALOG/VENDOR_LOOKUP",
  },
  Object {
    "payload": Object {
      "hasMore": false,
      "records": Array [
        Object {
          "active": true,
          "address": null,
          "bankAccountNumber": null,
          "bankAccountType": null,
          "bankCode": null,
          "bankName": null,
          "branchAddress": null,
          "branchCode": null,
          "branchName": null,
          "code": "234241",
          "companyId": "a0N2v00000VuxjtEAB",
          "correspondentBankAddress": null,
          "correspondentBankName": null,
          "correspondentBranchName": null,
          "correspondentSwiftCode": null,
          "country": null,
          "currencyCode": null,
          "id": "a1C2v00000s9pJHEAY",
          "isWithholdingTax": false,
          "name": "Required Vendor date",
          "name_L0": "Required Vendor date",
          "name_L1": null,
          "name_L2": null,
          "payeeName": null,
          "paymentDueDateUsage": "Required",
          "paymentTerm": null,
          "paymentTermCode": null,
          "swiftCode": null,
          "zipCode": null,
        },
        Object {
          "active": true,
          "address": "Sample Address",
          "bankAccountNumber": "Sample Bank Account Number",
          "bankAccountType": "Checking",
          "bankCode": "B_CODE",
          "bankName": "Sample Bank Name",
          "branchAddress": "Sample Branch Address",
          "branchCode": "BRC",
          "branchName": "Sample Branch Name",
          "code": "SAMPLE_VENDOR",
          "companyId": "a0N2v00000VuxjtEAB",
          "correspondentBankAddress": "Sample Correspondent Bank Address",
          "correspondentBankName": "Sample Correspondent Bank Name",
          "correspondentBranchName": "Sample Correspondent Branch Name",
          "correspondentSwiftCode": "COR_SWIFT",
          "country": "SG",
          "currencyCode": "SGD",
          "id": "a1C2v00000ofP2vEAE",
          "isWithholdingTax": true,
          "name": "Sample Vendor",
          "name_L0": "Sample Vendor",
          "name_L1": null,
          "name_L2": null,
          "payeeName": "Sample Payee Name",
          "paymentDueDateUsage": "Optional",
          "paymentTerm": "Sample Payment Term",
          "paymentTermCode": null,
          "swiftCode": "SWIFT_CODE",
          "zipCode": "123456",
        },
      ],
    },
    "type": "MODULES/EXPENSES/DIALOG/VENDOR/RECENTLY_USED/SET",
  },
  Object {
    "payload": false,
    "type": "MODULES/EXPENSES/DIALOG/IS_LOADING/TOGGLE",
  },
]
`;
